Archive member included to satisfy reference by file (symbol)

/usr/local/Cellar/arm-none-eabi-gcc/10.3-2021.07/gcc/bin/../lib/gcc/arm-none-eabi/10.3.1/../../../../arm-none-eabi/lib/thumb/v7-m/nofp/libstdc++.a(atexit_arm.o)
                              CMakeFiles/STM32f103RCT6.elf.dir/Core/Robot_bsp/userMain.cpp.obj (__aeabi_atexit)
/usr/local/Cellar/arm-none-eabi-gcc/10.3-2021.07/gcc/bin/../lib/gcc/arm-none-eabi/10.3.1/../../../../arm-none-eabi/lib/thumb/v7-m/nofp/libm.a(lib_a-w_asin.o)
                              CMakeFiles/STM32f103RCT6.elf.dir/Core/UserLib/Mpu6050/eMPL/inv_mpu.c.obj (asin)
/usr/local/Cellar/arm-none-eabi-gcc/10.3-2021.07/gcc/bin/../lib/gcc/arm-none-eabi/10.3.1/../../../../arm-none-eabi/lib/thumb/v7-m/nofp/libm.a(lib_a-w_atan2.o)
                              CMakeFiles/STM32f103RCT6.elf.dir/Core/UserLib/Mpu6050/eMPL/inv_mpu.c.obj (atan2)
/usr/local/Cellar/arm-none-eabi-gcc/10.3-2021.07/gcc/bin/../lib/gcc/arm-none-eabi/10.3.1/../../../../arm-none-eabi/lib/thumb/v7-m/nofp/libm.a(lib_a-e_asin.o)
                              /usr/local/Cellar/arm-none-eabi-gcc/10.3-2021.07/gcc/bin/../lib/gcc/arm-none-eabi/10.3.1/../../../../arm-none-eabi/lib/thumb/v7-m/nofp/libm.a(lib_a-w_asin.o) (__ieee754_asin)
/usr/local/Cellar/arm-none-eabi-gcc/10.3-2021.07/gcc/bin/../lib/gcc/arm-none-eabi/10.3.1/../../../../arm-none-eabi/lib/thumb/v7-m/nofp/libm.a(lib_a-e_atan2.o)
                              /usr/local/Cellar/arm-none-eabi-gcc/10.3-2021.07/gcc/bin/../lib/gcc/arm-none-eabi/10.3.1/../../../../arm-none-eabi/lib/thumb/v7-m/nofp/libm.a(lib_a-w_atan2.o) (__ieee754_atan2)
/usr/local/Cellar/arm-none-eabi-gcc/10.3-2021.07/gcc/bin/../lib/gcc/arm-none-eabi/10.3.1/../../../../arm-none-eabi/lib/thumb/v7-m/nofp/libm.a(lib_a-e_sqrt.o)
                              /usr/local/Cellar/arm-none-eabi-gcc/10.3-2021.07/gcc/bin/../lib/gcc/arm-none-eabi/10.3.1/../../../../arm-none-eabi/lib/thumb/v7-m/nofp/libm.a(lib_a-e_asin.o) (__ieee754_sqrt)
/usr/local/Cellar/arm-none-eabi-gcc/10.3-2021.07/gcc/bin/../lib/gcc/arm-none-eabi/10.3.1/../../../../arm-none-eabi/lib/thumb/v7-m/nofp/libm.a(lib_a-s_atan.o)
                              /usr/local/Cellar/arm-none-eabi-gcc/10.3-2021.07/gcc/bin/../lib/gcc/arm-none-eabi/10.3.1/../../../../arm-none-eabi/lib/thumb/v7-m/nofp/libm.a(lib_a-e_atan2.o) (atan)
/usr/local/Cellar/arm-none-eabi-gcc/10.3-2021.07/gcc/bin/../lib/gcc/arm-none-eabi/10.3.1/../../../../arm-none-eabi/lib/thumb/v7-m/nofp/libm.a(lib_a-s_fabs.o)
                              /usr/local/Cellar/arm-none-eabi-gcc/10.3-2021.07/gcc/bin/../lib/gcc/arm-none-eabi/10.3.1/../../../../arm-none-eabi/lib/thumb/v7-m/nofp/libm.a(lib_a-w_asin.o) (fabs)
/usr/local/Cellar/arm-none-eabi-gcc/10.3-2021.07/gcc/bin/../lib/gcc/arm-none-eabi/10.3.1/../../../../arm-none-eabi/lib/thumb/v7-m/nofp/libm.a(lib_a-s_nan.o)
                              /usr/local/Cellar/arm-none-eabi-gcc/10.3-2021.07/gcc/bin/../lib/gcc/arm-none-eabi/10.3.1/../../../../arm-none-eabi/lib/thumb/v7-m/nofp/libm.a(lib_a-w_asin.o) (nan)
/usr/local/Cellar/arm-none-eabi-gcc/10.3-2021.07/gcc/bin/../lib/gcc/arm-none-eabi/10.3.1/thumb/v7-m/nofp/libgcc.a(_arm_muldf3.o)
                              CMakeFiles/STM32f103RCT6.elf.dir/Core/Robot_bsp/Robot.cpp.obj (__aeabi_dmul)
/usr/local/Cellar/arm-none-eabi-gcc/10.3-2021.07/gcc/bin/../lib/gcc/arm-none-eabi/10.3.1/thumb/v7-m/nofp/libgcc.a(_arm_mulsf3.o)
                              CMakeFiles/STM32f103RCT6.elf.dir/Core/UserLib/Mpu6050/eMPL/inv_mpu.c.obj (__aeabi_fmul)
/usr/local/Cellar/arm-none-eabi-gcc/10.3-2021.07/gcc/bin/../lib/gcc/arm-none-eabi/10.3.1/thumb/v7-m/nofp/libgcc.a(_arm_addsubdf3.o)
                              CMakeFiles/STM32f103RCT6.elf.dir/Core/Robot_bsp/Robot.cpp.obj (__aeabi_dsub)
/usr/local/Cellar/arm-none-eabi-gcc/10.3-2021.07/gcc/bin/../lib/gcc/arm-none-eabi/10.3.1/thumb/v7-m/nofp/libgcc.a(_arm_muldivdf3.o)
                              CMakeFiles/STM32f103RCT6.elf.dir/Core/Robot_bsp/Robot.cpp.obj (__aeabi_ddiv)
/usr/local/Cellar/arm-none-eabi-gcc/10.3-2021.07/gcc/bin/../lib/gcc/arm-none-eabi/10.3.1/thumb/v7-m/nofp/libgcc.a(_arm_cmpdf2.o)
                              /usr/local/Cellar/arm-none-eabi-gcc/10.3-2021.07/gcc/bin/../lib/gcc/arm-none-eabi/10.3.1/../../../../arm-none-eabi/lib/thumb/v7-m/nofp/libm.a(lib_a-w_asin.o) (__aeabi_dcmpgt)
/usr/local/Cellar/arm-none-eabi-gcc/10.3-2021.07/gcc/bin/../lib/gcc/arm-none-eabi/10.3.1/thumb/v7-m/nofp/libgcc.a(_arm_unorddf2.o)
                              /usr/local/Cellar/arm-none-eabi-gcc/10.3-2021.07/gcc/bin/../lib/gcc/arm-none-eabi/10.3.1/../../../../arm-none-eabi/lib/thumb/v7-m/nofp/libm.a(lib_a-w_asin.o) (__aeabi_dcmpun)
/usr/local/Cellar/arm-none-eabi-gcc/10.3-2021.07/gcc/bin/../lib/gcc/arm-none-eabi/10.3.1/thumb/v7-m/nofp/libgcc.a(_arm_fixunsdfsi.o)
                              CMakeFiles/STM32f103RCT6.elf.dir/Core/Robot_bsp/Robot.cpp.obj (__aeabi_d2uiz)
[...]
Memory Configuration

Name             Origin             Length             Attributes
RAM              0x0000000020000000 0x000000000000c000 xrw
FLASH            0x0000000008000000 0x0000000000040000 xr
*default*        0x0000000000000000 0xffffffffffffffff

Linker script and memory map

LOAD /usr/local/Cellar/arm-none-eabi-gcc/10.3-2021.07/gcc/bin/../lib/gcc/arm-none-eabi/10.3.1/thumb/v7-m/nofp/crti.o
LOAD /usr/local/Cellar/arm-none-eabi-gcc/10.3-2021.07/gcc/bin/../lib/gcc/arm-none-eabi/10.3.1/thumb/v7-m/nofp/crtbegin.o
LOAD /usr/local/Cellar/arm-none-eabi-gcc/10.3-2021.07/gcc/bin/../lib/gcc/arm-none-eabi/10.3.1/../../../../arm-none-eabi/lib/thumb/v7-m/nofp/crt0.o
LOAD CMakeFiles/STM32f103RCT6.elf.dir/Core/Robot_bsp/Robot.cpp.obj
LOAD CMakeFiles/STM32f103RCT6.elf.dir/Core/Robot_bsp/userMain.cpp.obj
LOAD CMakeFiles/STM32f103RCT6.elf.dir/Core/Src/adc.c.obj
LOAD CMakeFiles/STM32f103RCT6.elf.dir/Core/Src/gpio.c.obj
LOAD CMakeFiles/STM32f103RCT6.elf.dir/Core/Src/i2c.c.obj
LOAD CMakeFiles/STM32f103RCT6.elf.dir/Core/Src/main.c.obj
LOAD CMakeFiles/STM32f103RCT6.elf.dir/Core/Src/stm32f1xx_hal_msp.c.obj
LOAD CMakeFiles/STM32f103RCT6.elf.dir/Core/Src/stm32f1xx_it.c.obj
LOAD CMakeFiles/STM32f103RCT6.elf.dir/Core/Src/syscalls.c.obj
LOAD CMakeFiles/STM32f103RCT6.elf.dir/Core/Src/sysmem.c.obj
LOAD CMakeFiles/STM32f103RCT6.elf.dir/Core/Src/system_stm32f1xx.c.obj
LOAD CMakeFiles/STM32f103RCT6.elf.dir/Core/Src/tim.c.obj
LOAD CMakeFiles/STM32f103RCT6.elf.dir/Core/Src/usart.c.obj
LOAD CMakeFiles/STM32f103RCT6.elf.dir/Core/Startup/startup_stm32f103rctx.s.obj
LOAD CMakeFiles/STM32f103RCT6.elf.dir/Core/UserLib/Mpu6050/Mpu6050.c.obj
LOAD CMakeFiles/STM32f103RCT6.elf.dir/Core/UserLib/Mpu6050/eMPL/inv_mpu.c.obj
LOAD CMakeFiles/STM32f103RCT6.elf.dir/Core/UserLib/Mpu6050/eMPL/inv_mpu_dmp_motion_driver.c.obj
LOAD CMakeFiles/STM32f103RCT6.elf.dir/Core/UserLib/U8g2/mui.c.obj
LOAD CMakeFiles/STM32f103RCT6.elf.dir/Core/UserLib/U8g2/mui_u8g2.c.obj
LOAD CMakeFiles/STM32f103RCT6.elf.dir/Core/UserLib/U8g2/stm32_u8g2.c.obj
LOAD CMakeFiles/STM32f103RCT6.elf.dir/Core/UserLib/U8g2/u8g2_bitmap.c.obj
LOAD CMakeFiles/STM32f103RCT6.elf.dir/Core/UserLib/U8g2/u8g2_box.c.obj
LOAD CMakeFiles/STM32f103RCT6.elf.dir/Core/UserLib/U8g2/u8g2_buffer.c.obj
LOAD CMakeFiles/STM32f103RCT6.elf.dir/Core/UserLib/U8g2/u8g2_button.c.obj
LOAD CMakeFiles/STM32f103RCT6.elf.dir/Core/UserLib/U8g2/u8g2_circle.c.obj
LOAD CMakeFiles/STM32f103RCT6.elf.dir/Core/UserLib/U8g2/u8g2_cleardisplay.c.obj
LOAD CMakeFiles/STM32f103RCT6.elf.dir/Core/UserLib/U8g2/u8g2_d_memory.c.obj
LOAD CMakeFiles/STM32f103RCT6.elf.dir/Core/UserLib/U8g2/u8g2_d_setup.c.obj
LOAD CMakeFiles/STM32f103RCT6.elf.dir/Core/UserLib/U8g2/u8g2_font.c.obj
LOAD CMakeFiles/STM32f103RCT6.elf.dir/Core/UserLib/U8g2/u8g2_fonts.c.obj
LOAD CMakeFiles/STM32f103RCT6.elf.dir/Core/UserLib/U8g2/u8g2_hvline.c.obj
LOAD CMakeFiles/STM32f103RCT6.elf.dir/Core/UserLib/U8g2/u8g2_input_value.c.obj
LOAD CMakeFiles/STM32f103RCT6.elf.dir/Core/UserLib/U8g2/u8g2_intersection.c.obj
LOAD CMakeFiles/STM32f103RCT6.elf.dir/Core/UserLib/U8g2/u8g2_kerning.c.obj
LOAD CMakeFiles/STM32f103RCT6.elf.dir/Core/UserLib/U8g2/u8g2_line.c.obj
LOAD CMakeFiles/STM32f103RCT6.elf.dir/Core/UserLib/U8g2/u8g2_ll_hvline.c.obj
LOAD CMakeFiles/STM32f103RCT6.elf.dir/Core/UserLib/U8g2/u8g2_message.c.obj
LOAD CMakeFiles/STM32f103RCT6.elf.dir/Core/UserLib/U8g2/u8g2_polygon.c.obj
LOAD CMakeFiles/STM32f103RCT6.elf.dir/Core/UserLib/U8g2/u8g2_selection_list.c.obj
LOAD CMakeFiles/STM32f103RCT6.elf.dir/Core/UserLib/U8g2/u8g2_setup.c.obj
LOAD CMakeFiles/STM32f103RCT6.elf.dir/Core/UserLib/U8g2/u8log.c.obj
LOAD CMakeFiles/STM32f103RCT6.elf.dir/Core/UserLib/U8g2/u8log_u8g2.c.obj
LOAD CMakeFiles/STM32f103RCT6.elf.dir/Core/UserLib/U8g2/u8log_u8x8.c.obj
LOAD CMakeFiles/STM32f103RCT6.elf.dir/Core/UserLib/U8g2/u8x8_8x8.c.obj
LOAD CMakeFiles/STM32f103RCT6.elf.dir/Core/UserLib/U8g2/u8x8_byte.c.obj
LOAD CMakeFiles/STM32f103RCT6.elf.dir/Core/UserLib/U8g2/u8x8_cad.c.obj
LOAD CMakeFiles/STM32f103RCT6.elf.dir/Core/UserLib/U8g2/u8x8_capture.c.obj
LOAD CMakeFiles/STM32f103RCT6.elf.dir/Core/UserLib/U8g2/u8x8_d_ssd1306_128x64_noname.c.obj
LOAD CMakeFiles/STM32f103RCT6.elf.dir/Core/UserLib/U8g2/u8x8_debounce.c.obj
LOAD CMakeFiles/STM32f103RCT6.elf.dir/Core/UserLib/U8g2/u8x8_display.c.obj
LOAD CMakeFiles/STM32f103RCT6.elf.dir/Core/UserLib/U8g2/u8x8_fonts.c.obj
LOAD CMakeFiles/STM32f103RCT6.elf.dir/Core/UserLib/U8g2/u8x8_gpio.c.obj
LOAD CMakeFiles/STM32f103RCT6.elf.dir/Core/UserLib/U8g2/u8x8_input_value.c.obj
LOAD CMakeFiles/STM32f103RCT6.elf.dir/Core/UserLib/U8g2/u8x8_message.c.obj
LOAD CMakeFiles/STM32f103RCT6.elf.dir/Core/UserLib/U8g2/u8x8_selection_list.c.obj
LOAD CMakeFiles/STM32f103RCT6.elf.dir/Core/UserLib/U8g2/u8x8_setup.c.obj
LOAD CMakeFiles/STM32f103RCT6.elf.dir/Core/UserLib/U8g2/u8x8_string.c.obj
LOAD CMakeFiles/STM32f103RCT6.elf.dir/Core/UserLib/U8g2/u8x8_u16toa.c.obj
LOAD CMakeFiles/STM32f103RCT6.elf.dir/Core/UserLib/U8g2/u8x8_u8toa.c.obj
LOAD CMakeFiles/STM32f103RCT6.elf.dir/Drivers/STM32F1xx_HAL_Driver/Src/stm32f1xx_hal.c.obj
LOAD CMakeFiles/STM32f103RCT6.elf.dir/Drivers/STM32F1xx_HAL_Driver/Src/stm32f1xx_hal_adc.c.obj
LOAD CMakeFiles/STM32f103RCT6.elf.dir/Drivers/STM32F1xx_HAL_Driver/Src/stm32f1xx_hal_adc_ex.c.obj
LOAD CMakeFiles/STM32f103RCT6.elf.dir/Drivers/STM32F1xx_HAL_Driver/Src/stm32f1xx_hal_cortex.c.obj
LOAD CMakeFiles/STM32f103RCT6.elf.dir/Drivers/STM32F1xx_HAL_Driver/Src/stm32f1xx_hal_dma.c.obj
LOAD CMakeFiles/STM32f103RCT6.elf.dir/Drivers/STM32F1xx_HAL_Driver/Src/stm32f1xx_hal_exti.c.obj
LOAD CMakeFiles/STM32f103RCT6.elf.dir/Drivers/STM32F1xx_HAL_Driver/Src/stm32f1xx_hal_flash.c.obj
LOAD CMakeFiles/STM32f103RCT6.elf.dir/Drivers/STM32F1xx_HAL_Driver/Src/stm32f1xx_hal_flash_ex.c.obj
LOAD CMakeFiles/STM32f103RCT6.elf.dir/Drivers/STM32F1xx_HAL_Driver/Src/stm32f1xx_hal_gpio.c.obj
LOAD CMakeFiles/STM32f103RCT6.elf.dir/Drivers/STM32F1xx_HAL_Driver/Src/stm32f1xx_hal_gpio_ex.c.obj
LOAD CMakeFiles/STM32f103RCT6.elf.dir/Drivers/STM32F1xx_HAL_Driver/Src/stm32f1xx_hal_i2c.c.obj
LOAD CMakeFiles/STM32f103RCT6.elf.dir/Drivers/STM32F1xx_HAL_Driver/Src/stm32f1xx_hal_pwr.c.obj
LOAD CMakeFiles/STM32f103RCT6.elf.dir/Drivers/STM32F1xx_HAL_Driver/Src/stm32f1xx_hal_rcc.c.obj
LOAD CMakeFiles/STM32f103RCT6.elf.dir/Drivers/STM32F1xx_HAL_Driver/Src/stm32f1xx_hal_rcc_ex.c.obj
LOAD CMakeFiles/STM32f103RCT6.elf.dir/Drivers/STM32F1xx_HAL_Driver/Src/stm32f1xx_hal_tim.c.obj
LOAD CMakeFiles/STM32f103RCT6.elf.dir/Drivers/STM32F1xx_HAL_Driver/Src/stm32f1xx_hal_tim_ex.c.obj
LOAD CMakeFiles/STM32f103RCT6.elf.dir/Drivers/STM32F1xx_HAL_Driver/Src/stm32f1xx_hal_uart.c.obj
LOAD /usr/local/Cellar/arm-none-eabi-gcc/10.3-2021.07/gcc/bin/../lib/gcc/arm-none-eabi/10.3.1/../../../../arm-none-eabi/lib/thumb/v7-m/nofp/libstdc++.a
LOAD /usr/local/Cellar/arm-none-eabi-gcc/10.3-2021.07/gcc/bin/../lib/gcc/arm-none-eabi/10.3.1/../../../../arm-none-eabi/lib/thumb/v7-m/nofp/libm.a
START GROUP
LOAD /usr/local/Cellar/arm-none-eabi-gcc/10.3-2021.07/gcc/bin/../lib/gcc/arm-none-eabi/10.3.1/thumb/v7-m/nofp/libgcc.a
LOAD /usr/local/Cellar/arm-none-eabi-gcc/10.3-2021.07/gcc/bin/../lib/gcc/arm-none-eabi/10.3.1/../../../../arm-none-eabi/lib/thumb/v7-m/nofp/libg.a
LOAD /usr/local/Cellar/arm-none-eabi-gcc/10.3-2021.07/gcc/bin/../lib/gcc/arm-none-eabi/10.3.1/../../../../arm-none-eabi/lib/thumb/v7-m/nofp/libc.a
END GROUP
LOAD /usr/local/Cellar/arm-none-eabi-gcc/10.3-2021.07/gcc/bin/../lib/gcc/arm-none-eabi/10.3.1/thumb/v7-m/nofp/crtend.o
LOAD /usr/local/Cellar/arm-none-eabi-gcc/10.3-2021.07/gcc/bin/../lib/gcc/arm-none-eabi/10.3.1/thumb/v7-m/nofp/crtn.o
                0x000000002000c000                _estack = (ORIGIN (RAM) + LENGTH (RAM))
                0x0000000000000200                _Min_Heap_Size = 0x200
                0x0000000000000400                _Min_Stack_Size = 0x400

.isr_vector     0x0000000008000000      0x1e4
                0x0000000008000000                . = ALIGN (0x4)
 *(.isr_vector)
 .isr_vector    0x0000000008000000      0x1e4 CMakeFiles/STM32f103RCT6.elf.dir/Core/Startup/startup_stm32f103rctx.s.obj
                0x0000000008000000                g_pfnVectors
                0x00000000080001e4                . = ALIGN (0x4)

.text           0x00000000080001e8    0x10ec4
                0x00000000080001e8                . = ALIGN (0x4)
 *(.text)
 .text          0x00000000080001e8       0x40 /usr/local/Cellar/arm-none-eabi-gcc/10.3-2021.07/gcc/bin/../lib/gcc/arm-none-eabi/10.3.1/thumb/v7-m/nofp/crtbegin.o
 .text          0x0000000008000228      0x378 /usr/local/Cellar/arm-none-eabi-gcc/10.3-2021.07/gcc/bin/../lib/gcc/arm-none-eabi/10.3.1/thumb/v7-m/nofp/libgcc.a(_arm_addsubdf3.o)
                0x0000000008000228                __aeabi_drsub
                0x0000000008000230                __aeabi_dsub
                0x0000000008000230                __subdf3
                0x0000000008000234                __adddf3
                0x0000000008000234                __aeabi_dadd
                0x00000000080004ac                __floatunsidf
                0x00000000080004ac                __aeabi_ui2d
                0x00000000080004cc                __aeabi_i2d
                0x00000000080004cc                __floatsidf
                0x00000000080004f0                __extendsfdf2
                0x00000000080004f0                __aeabi_f2d
                0x0000000008000534                __aeabi_ul2d
                0x0000000008000534                __floatundidf
                0x0000000008000544                __floatdidf
                0x0000000008000544                __aeabi_l2d
 .text          0x00000000080005a0      0x424 /usr/local/Cellar/arm-none-eabi-gcc/10.3-2021.07/gcc/bin/../lib/gcc/arm-none-eabi/10.3.1/thumb/v7-m/nofp/libgcc.a(_arm_muldivdf3.o)
                0x00000000080005a0                __aeabi_dmul
                0x00000000080005a0                __muldf3
                0x00000000080007f4                __aeabi_ddiv
                0x00000000080007f4                __divdf3
 .text          0x00000000080009c4      0x110 /usr/local/Cellar/arm-none-eabi-gcc/10.3-2021.07/gcc/bin/../lib/gcc/arm-none-eabi/10.3.1/thumb/v7-m/nofp/libgcc.a(_arm_cmpdf2.o)
                0x00000000080009c4                __gtdf2
                0x00000000080009c4                __gedf2
                0x00000000080009cc                __ledf2
                0x00000000080009cc                __ltdf2
                0x00000000080009d4                __eqdf2
                0x00000000080009d4                __cmpdf2
                0x00000000080009d4                __nedf2
                0x0000000008000a50                __aeabi_cdrcmple
                0x0000000008000a60                __aeabi_cdcmpeq
                0x0000000008000a60                __aeabi_cdcmple
                0x0000000008000a70                __aeabi_dcmpeq
                0x0000000008000a84                __aeabi_dcmplt
                0x0000000008000a98                __aeabi_dcmple
                0x0000000008000aac                __aeabi_dcmpge
                0x0000000008000ac0                __aeabi_dcmpgt
 .text          0x0000000008000ad4       0x2c /usr/local/Cellar/arm-none-eabi-gcc/10.3-2021.07/gcc/bin/../lib/gcc/arm-none-eabi/10.3.1/thumb/v7-m/nofp/libgcc.a(_arm_unorddf2.o)
                0x0000000008000ad4                __aeabi_dcmpun
                0x0000000008000ad4                __unorddf2
 .text          0x0000000008000b00       0x40 /usr/local/Cellar/arm-none-eabi-gcc/10.3-2021.07/gcc/bin/../lib/gcc/arm-none-eabi/10.3.1/thumb/v7-m/nofp/libgcc.a(_arm_fixunsdfsi.o)
                0x0000000008000b00                __aeabi_d2uiz
                0x0000000008000b00                __fixunsdfsi
 .text          0x0000000008000b40       0xa0 /usr/local/Cellar/arm-none-eabi-gcc/10.3-2021.07/gcc/bin/../lib/gcc/arm-none-eabi/10.3.1/thumb/v7-m/nofp/libgcc.a(_arm_truncdfsf2.o)
                0x0000000008000b40                __aeabi_d2f
                0x0000000008000b40                __truncdfsf2
 .text          0x0000000008000be0      0x21c /usr/local/Cellar/arm-none-eabi-gcc/10.3-2021.07/gcc/bin/../lib/gcc/arm-none-eabi/10.3.1/thumb/v7-m/nofp/libgcc.a(_arm_addsubsf3.o)
                0x0000000008000be0                __aeabi_frsub
                0x0000000008000be8                __subsf3
                0x0000000008000be8                __aeabi_fsub
                0x0000000008000bec                __addsf3
                0x0000000008000bec                __aeabi_fadd
                0x0000000008000d4c                __floatunsisf
                0x0000000008000d4c                __aeabi_ui2f
                0x0000000008000d54                __floatsisf
                0x0000000008000d54                __aeabi_i2f
                0x0000000008000d70                __floatundisf
                0x0000000008000d70                __aeabi_ul2f
                0x0000000008000d80                __floatdisf
                0x0000000008000d80                __aeabi_l2f
 .text          0x0000000008000dfc      0x2a0 /usr/local/Cellar/arm-none-eabi-gcc/10.3-2021.07/gcc/bin/../lib/gcc/arm-none-eabi/10.3.1/thumb/v7-m/nofp/libgcc.a(_arm_muldivsf3.o)
                0x0000000008000dfc                __mulsf3
                0x0000000008000dfc                __aeabi_fmul
                0x0000000008000f64                __aeabi_fdiv
                0x0000000008000f64                __divsf3
 .text          0x000000000800109c       0xec /usr/local/Cellar/arm-none-eabi-gcc/10.3-2021.07/gcc/bin/../lib/gcc/arm-none-eabi/10.3.1/thumb/v7-m/nofp/libgcc.a(_arm_cmpsf2.o)
                0x000000000800109c                __gesf2
                0x000000000800109c                __gtsf2
                0x00000000080010a4                __lesf2
                0x00000000080010a4                __ltsf2
                0x00000000080010ac                __nesf2
                0x00000000080010ac                __eqsf2
                0x00000000080010ac                __cmpsf2
                0x000000000800110c                __aeabi_cfrcmple
                0x0000000008001114                __aeabi_cfcmple
                0x0000000008001114                __aeabi_cfcmpeq
                0x0000000008001124                __aeabi_fcmpeq
                0x0000000008001138                __aeabi_fcmplt
                0x000000000800114c                __aeabi_fcmple
                0x0000000008001160                __aeabi_fcmpge
                0x0000000008001174                __aeabi_fcmpgt
 .text          0x0000000008001188       0x4c /usr/local/Cellar/arm-none-eabi-gcc/10.3-2021.07/gcc/bin/../lib/gcc/arm-none-eabi/10.3.1/thumb/v7-m/nofp/libgcc.a(_arm_fixsfsi.o)
                0x0000000008001188                __fixsfsi
                0x0000000008001188                __aeabi_f2iz
 .text          0x00000000080011d4       0x40 /usr/local/Cellar/arm-none-eabi-gcc/10.3-2021.07/gcc/bin/../lib/gcc/arm-none-eabi/10.3.1/thumb/v7-m/nofp/libgcc.a(_arm_fixunssfsi.o)
                0x00000000080011d4                __fixunssfsi
                0x00000000080011d4                __aeabi_f2uiz
 .text          0x0000000008001214       0xa0 /usr/local/Cellar/arm-none-eabi-gcc/10.3-2021.07/gcc/bin/../lib/gcc/arm-none-eabi/10.3.1/thumb/v7-m/nofp/libgcc.a(_aeabi_ldivmod.o)
                0x0000000008001214                __aeabi_ldivmod
 .text          0x00000000080012b4      0x2d4 /usr/local/Cellar/arm-none-eabi-gcc/10.3-2021.07/gcc/bin/../lib/gcc/arm-none-eabi/10.3.1/thumb/v7-m/nofp/libgcc.a(_udivmoddi4.o)
                0x00000000080012b4                __udivmoddi4
 .text          0x0000000008001588      0x9e4 /usr/local/Cellar/arm-none-eabi-gcc/10.3-2021.07/gcc/bin/../lib/gcc/arm-none-eabi/10.3.1/thumb/v7-m/nofp/libgcc.a(unwind-arm.o)
                0x0000000008001848                _Unwind_GetCFA
                0x000000000800184c                __gnu_Unwind_RaiseException
                0x00000000080018b4                __gnu_Unwind_ForcedUnwind
                0x00000000080018c8                __gnu_Unwind_Resume
                0x000000000800190c                __gnu_Unwind_Resume_or_Rethrow
                0x0000000008001920                _Unwind_Complete
                0x0000000008001924                _Unwind_DeleteException
                0x0000000008001930                _Unwind_VRS_Get
                0x000000000800197c                _Unwind_VRS_Set
                0x00000000080019c4                __gnu_Unwind_Backtrace
                0x0000000008001cec                __aeabi_unwind_cpp_pr0
                0x0000000008001cf0                __aeabi_unwind_cpp_pr1
                0x0000000008001cf4                __aeabi_unwind_cpp_pr2
                0x0000000008001cf8                _Unwind_VRS_Pop
 .text          0x0000000008001f6c      0x1ac /usr/local/Cellar/arm-none-eabi-gcc/10.3-2021.07/gcc/bin/../lib/gcc/arm-none-eabi/10.3.1/thumb/v7-m/nofp/libgcc.a(libunwind.o)
                0x0000000008001f6c                restore_core_regs
                0x0000000008001f6c                __restore_core_regs
                0x0000000008001f84                __gnu_Unwind_Restore_VFP
                0x0000000008001f8c                __gnu_Unwind_Save_VFP
                0x0000000008001f94                __gnu_Unwind_Restore_VFP_D
                0x0000000008001f9c                __gnu_Unwind_Save_VFP_D
                0x0000000008001fa4                __gnu_Unwind_Restore_VFP_D_16_to_31
                0x0000000008001fac                __gnu_Unwind_Save_VFP_D_16_to_31
                0x0000000008001fb4                __gnu_Unwind_Restore_WMMXD
                0x0000000008001ff8                __gnu_Unwind_Save_WMMXD
                0x000000000800203c                __gnu_Unwind_Restore_WMMXC
                0x0000000008002050                __gnu_Unwind_Save_WMMXC
                0x0000000008002064                _Unwind_RaiseException
                0x0000000008002064                ___Unwind_RaiseException
                0x0000000008002088                ___Unwind_Resume
                0x0000000008002088                _Unwind_Resume
                0x00000000080020ac                ___Unwind_Resume_or_Rethrow
                0x00000000080020ac                _Unwind_Resume_or_Rethrow
                0x00000000080020d0                ___Unwind_ForcedUnwind
                0x00000000080020d0                _Unwind_ForcedUnwind
                0x00000000080020f4                ___Unwind_Backtrace
                0x00000000080020f4                _Unwind_Backtrace
 .text          0x0000000008002118      0x38c /usr/local/Cellar/arm-none-eabi-gcc/10.3-2021.07/gcc/bin/../lib/gcc/arm-none-eabi/10.3.1/thumb/v7-m/nofp/libgcc.a(pr-support.o)
                0x0000000008002170                __gnu_unwind_execute
                0x0000000008002454                __gnu_unwind_frame
                0x0000000008002484                _Unwind_GetRegionStart
                0x0000000008002490                _Unwind_GetLanguageSpecificData
 .text          0x00000000080024a4        0x4 /usr/local/Cellar/arm-none-eabi-gcc/10.3-2021.07/gcc/bin/../lib/gcc/arm-none-eabi/10.3.1/thumb/v7-m/nofp/libgcc.a(_dvmd_tls.o)
                0x00000000080024a4                __aeabi_ldiv0
                0x00000000080024a4                __aeabi_idiv0
 .text          0x00000000080024a8       0xec /usr/local/Cellar/arm-none-eabi-gcc/10.3-2021.07/gcc/bin/../lib/gcc/arm-none-eabi/10.3.1/../../../../arm-none-eabi/lib/thumb/v7-m/nofp/libg.a(lib_a-memcpy.o)
                0x00000000080024a8                memcpy
 .text          0x0000000008002594       0x50 /usr/local/Cellar/arm-none-eabi-gcc/10.3-2021.07/gcc/bin/../lib/gcc/arm-none-eabi/10.3.1/thumb/v7-m/nofp/libgcc.a(_arm_fixdfsi.o)
                0x0000000008002594                __aeabi_d2iz
                0x0000000008002594                __fixdfsi
 .text          0x00000000080025e4       0x30 /usr/local/Cellar/arm-none-eabi-gcc/10.3-2021.07/gcc/bin/../lib/gcc/arm-none-eabi/10.3.1/thumb/v7-m/nofp/libgcc.a(_aeabi_uldivmod.o)
                0x00000000080025e4                __aeabi_uldivmod
 *(.text*)
 .text._ZN5Robot4initEv
                0x0000000008002614      0x1f4 CMakeFiles/STM32f103RCT6.elf.dir/Core/Robot_bsp/Robot.cpp.obj
                0x0000000008002614                Robot::init()
 .text._ZN5RobotC2Ev
                0x0000000008002808       0xa4 CMakeFiles/STM32f103RCT6.elf.dir/Core/Robot_bsp/Robot.cpp.obj
                0x0000000008002808                Robot::Robot()
                0x0000000008002808                Robot::Robot()
 .text._ZN5RobotD2Ev
                0x00000000080028ac        0x2 CMakeFiles/STM32f103RCT6.elf.dir/Core/Robot_bsp/Robot.cpp.obj
                0x00000000080028ac                Robot::~Robot()
                0x00000000080028ac                Robot::~Robot()
 *fill*         0x00000000080028ae        0x2 
 .text._ZN5Robot11updateAngleEv
                0x00000000080028b0      0x2a0 CMakeFiles/STM32f103RCT6.elf.dir/Core/Robot_bsp/Robot.cpp.obj
                0x00000000080028b0                Robot::updateAngle()
 .text._ZN5Robot8setAngleEhhh
                0x0000000008002b50       0x5c CMakeFiles/STM32f103RCT6.elf.dir/Core/Robot_bsp/Robot.cpp.obj
                0x0000000008002b50                Robot::setAngle(unsigned char, unsigned char, unsigned char)
 *fill*         0x0000000008002bac        0x4 
 .text._ZN5Robot9setActionEPc
                0x0000000008002bb0      0x118 CMakeFiles/STM32f103RCT6.elf.dir/Core/Robot_bsp/Robot.cpp.obj
                0x0000000008002bb0                Robot::setAction(char*)
 .text._ZN5Robot7setRuleEv
                0x0000000008002cc8       0x3a CMakeFiles/STM32f103RCT6.elf.dir/Core/Robot_bsp/Robot.cpp.obj
                0x0000000008002cc8                Robot::setRule()
 *fill*         0x0000000008002d02        0x2 
 .text._ZL12MPU6050_Initv
                0x0000000008002d04      0x29c CMakeFiles/STM32f103RCT6.elf.dir/Core/Robot_bsp/userMain.cpp.obj
 .text._Z41__static_initialization_and_destruction_0ii
                0x0000000008002fa0       0x30 CMakeFiles/STM32f103RCT6.elf.dir/Core/Robot_bsp/userMain.cpp.obj
 .text.Main     0x0000000008002fd0       0xe4 CMakeFiles/STM32f103RCT6.elf.dir/Core/Robot_bsp/userMain.cpp.obj
                0x0000000008002fd0                Main
 .text.HAL_UART_RxCpltCallback
                0x00000000080030b4       0xfc CMakeFiles/STM32f103RCT6.elf.dir/Core/Robot_bsp/userMain.cpp.obj
                0x00000000080030b4                HAL_UART_RxCpltCallback
 .text.HAL_TIM_PeriodElapsedCallback
                0x00000000080031b0       0xf8 CMakeFiles/STM32f103RCT6.elf.dir/Core/Robot_bsp/userMain.cpp.obj
                0x00000000080031b0                HAL_TIM_PeriodElapsedCallback
 .text._GLOBAL__sub_I_acceleStock
                0x00000000080032a8        0xe CMakeFiles/STM32f103RCT6.elf.dir/Core/Robot_bsp/userMain.cpp.obj
 *fill*         0x00000000080032b6        0x2 
 .text.MX_ADC1_Init
                0x00000000080032b8       0x5c CMakeFiles/STM32f103RCT6.elf.dir/Core/Src/adc.c.obj
                0x00000000080032b8                MX_ADC1_Init
 .text.HAL_ADC_MspInit
                0x0000000008003314       0x60 CMakeFiles/STM32f103RCT6.elf.dir/Core/Src/adc.c.obj
                0x0000000008003314                HAL_ADC_MspInit
 .text.MX_GPIO_Init
                0x0000000008003374       0x54 CMakeFiles/STM32f103RCT6.elf.dir/Core/Src/gpio.c.obj
                0x0000000008003374                MX_GPIO_Init
 .text.MX_I2C1_Init
                0x00000000080033c8       0x3c CMakeFiles/STM32f103RCT6.elf.dir/Core/Src/i2c.c.obj
                0x00000000080033c8                MX_I2C1_Init
 .text.HAL_I2C_MspInit
                0x0000000008003404       0x78 CMakeFiles/STM32f103RCT6.elf.dir/Core/Src/i2c.c.obj
                0x0000000008003404                HAL_I2C_MspInit
 .text.Error_Handler
                0x000000000800347c        0x4 CMakeFiles/STM32f103RCT6.elf.dir/Core/Src/main.c.obj
                0x000000000800347c                Error_Handler
 .text.SystemClock_Config
                0x0000000008003480       0x86 CMakeFiles/STM32f103RCT6.elf.dir/Core/Src/main.c.obj
                0x0000000008003480                SystemClock_Config
 .text.main     0x0000000008003506       0x40 CMakeFiles/STM32f103RCT6.elf.dir/Core/Src/main.c.obj
                0x0000000008003506                main
 *fill*         0x0000000008003546        0x2 
 .text.HAL_MspInit
                0x0000000008003548       0x44 CMakeFiles/STM32f103RCT6.elf.dir/Core/Src/stm32f1xx_hal_msp.c.obj
                0x0000000008003548                HAL_MspInit
 .text.NMI_Handler
                0x000000000800358c        0x2 CMakeFiles/STM32f103RCT6.elf.dir/Core/Src/stm32f1xx_it.c.obj
                0x000000000800358c                NMI_Handler
 .text.HardFault_Handler
                0x000000000800358e        0x2 CMakeFiles/STM32f103RCT6.elf.dir/Core/Src/stm32f1xx_it.c.obj
                0x000000000800358e                HardFault_Handler
 .text.MemManage_Handler
                0x0000000008003590        0x2 CMakeFiles/STM32f103RCT6.elf.dir/Core/Src/stm32f1xx_it.c.obj
                0x0000000008003590                MemManage_Handler
 .text.BusFault_Handler
                0x0000000008003592        0x2 CMakeFiles/STM32f103RCT6.elf.dir/Core/Src/stm32f1xx_it.c.obj
                0x0000000008003592                BusFault_Handler
 .text.UsageFault_Handler
                0x0000000008003594        0x2 CMakeFiles/STM32f103RCT6.elf.dir/Core/Src/stm32f1xx_it.c.obj
                0x0000000008003594                UsageFault_Handler
 .text.SVC_Handler
                0x0000000008003596        0x2 CMakeFiles/STM32f103RCT6.elf.dir/Core/Src/stm32f1xx_it.c.obj
                0x0000000008003596                SVC_Handler
 .text.DebugMon_Handler
                0x0000000008003598        0x2 CMakeFiles/STM32f103RCT6.elf.dir/Core/Src/stm32f1xx_it.c.obj
                0x0000000008003598                DebugMon_Handler
 .text.PendSV_Handler
                0x000000000800359a        0x2 CMakeFiles/STM32f103RCT6.elf.dir/Core/Src/stm32f1xx_it.c.obj
                0x000000000800359a                PendSV_Handler
 .text.SysTick_Handler
                0x000000000800359c        0x8 CMakeFiles/STM32f103RCT6.elf.dir/Core/Src/stm32f1xx_it.c.obj
                0x000000000800359c                SysTick_Handler
 .text.TIM1_UP_IRQHandler
                0x00000000080035a4       0x10 CMakeFiles/STM32f103RCT6.elf.dir/Core/Src/stm32f1xx_it.c.obj
                0x00000000080035a4                TIM1_UP_IRQHandler
 .text.USART1_IRQHandler
                0x00000000080035b4       0x10 CMakeFiles/STM32f103RCT6.elf.dir/Core/Src/stm32f1xx_it.c.obj
                0x00000000080035b4                USART1_IRQHandler
 .text.USART2_IRQHandler
                0x00000000080035c4       0x10 CMakeFiles/STM32f103RCT6.elf.dir/Core/Src/stm32f1xx_it.c.obj
                0x00000000080035c4                USART2_IRQHandler
 .text.USART3_IRQHandler
                0x00000000080035d4       0x10 CMakeFiles/STM32f103RCT6.elf.dir/Core/Src/stm32f1xx_it.c.obj
                0x00000000080035d4                USART3_IRQHandler
 .text._getpid  0x00000000080035e4        0x4 CMakeFiles/STM32f103RCT6.elf.dir/Core/Src/syscalls.c.obj
                0x00000000080035e4                _getpid
 .text._kill    0x00000000080035e8       0x10 CMakeFiles/STM32f103RCT6.elf.dir/Core/Src/syscalls.c.obj
                0x00000000080035e8                _kill
 .text._exit    0x00000000080035f8        0xc CMakeFiles/STM32f103RCT6.elf.dir/Core/Src/syscalls.c.obj
                0x00000000080035f8                _exit
 .text._read    0x0000000008003604       0x20 CMakeFiles/STM32f103RCT6.elf.dir/Core/Src/syscalls.c.obj
                0x0000000008003604                _read
 .text._write   0x0000000008003624       0x1c CMakeFiles/STM32f103RCT6.elf.dir/Core/Src/syscalls.c.obj
                0x0000000008003624                _write
 .text._close   0x0000000008003640        0x6 CMakeFiles/STM32f103RCT6.elf.dir/Core/Src/syscalls.c.obj
                0x0000000008003640                _close
 .text._fstat   0x0000000008003646        0xa CMakeFiles/STM32f103RCT6.elf.dir/Core/Src/syscalls.c.obj
                0x0000000008003646                _fstat
 .text._isatty  0x0000000008003650        0x4 CMakeFiles/STM32f103RCT6.elf.dir/Core/Src/syscalls.c.obj
                0x0000000008003650                _isatty
 .text._lseek   0x0000000008003654        0x4 CMakeFiles/STM32f103RCT6.elf.dir/Core/Src/syscalls.c.obj
                0x0000000008003654                _lseek
 .text._sbrk    0x0000000008003658       0x48 CMakeFiles/STM32f103RCT6.elf.dir/Core/Src/sysmem.c.obj
                0x0000000008003658                _sbrk
 .text.SystemInit
                0x00000000080036a0        0x2 CMakeFiles/STM32f103RCT6.elf.dir/Core/Src/system_stm32f1xx.c.obj
                0x00000000080036a0                SystemInit
 *fill*         0x00000000080036a2        0x2 
 .text.HAL_TIM_PWM_MspInit
                0x00000000080036a4       0xbc CMakeFiles/STM32f103RCT6.elf.dir/Core/Src/tim.c.obj
                0x00000000080036a4                HAL_TIM_PWM_MspInit
 .text.HAL_TIM_MspPostInit
                0x0000000008003760      0x16c CMakeFiles/STM32f103RCT6.elf.dir/Core/Src/tim.c.obj
                0x0000000008003760                HAL_TIM_MspPostInit
 .text.MX_TIM1_Init
                0x00000000080038cc       0xf0 CMakeFiles/STM32f103RCT6.elf.dir/Core/Src/tim.c.obj
                0x00000000080038cc                MX_TIM1_Init
 .text.MX_TIM2_Init
                0x00000000080039bc       0xb8 CMakeFiles/STM32f103RCT6.elf.dir/Core/Src/tim.c.obj
                0x00000000080039bc                MX_TIM2_Init
 .text.MX_TIM3_Init
                0x0000000008003a74       0xbc CMakeFiles/STM32f103RCT6.elf.dir/Core/Src/tim.c.obj
                0x0000000008003a74                MX_TIM3_Init
 .text.MX_TIM5_Init
                0x0000000008003b30       0x98 CMakeFiles/STM32f103RCT6.elf.dir/Core/Src/tim.c.obj
                0x0000000008003b30                MX_TIM5_Init
 .text.MX_TIM8_Init
                0x0000000008003bc8       0xcc CMakeFiles/STM32f103RCT6.elf.dir/Core/Src/tim.c.obj
                0x0000000008003bc8                MX_TIM8_Init
 .text.MX_UART5_Init
                0x0000000008003c94       0x34 CMakeFiles/STM32f103RCT6.elf.dir/Core/Src/usart.c.obj
                0x0000000008003c94                MX_UART5_Init
 .text.MX_USART1_UART_Init
                0x0000000008003cc8       0x34 CMakeFiles/STM32f103RCT6.elf.dir/Core/Src/usart.c.obj
                0x0000000008003cc8                MX_USART1_UART_Init
 .text.MX_USART2_UART_Init
                0x0000000008003cfc       0x34 CMakeFiles/STM32f103RCT6.elf.dir/Core/Src/usart.c.obj
                0x0000000008003cfc                MX_USART2_UART_Init
 .text.MX_USART3_UART_Init
                0x0000000008003d30       0x34 CMakeFiles/STM32f103RCT6.elf.dir/Core/Src/usart.c.obj
                0x0000000008003d30                MX_USART3_UART_Init
 .text.HAL_UART_MspInit
                0x0000000008003d64      0x1fc CMakeFiles/STM32f103RCT6.elf.dir/Core/Src/usart.c.obj
                0x0000000008003d64                HAL_UART_MspInit
 .text.Reset_Handler
                0x0000000008003f60       0x48 CMakeFiles/STM32f103RCT6.elf.dir/Core/Startup/startup_stm32f103rctx.s.obj
                0x0000000008003f60                Reset_Handler
 .text.Default_Handler
                0x0000000008003fa8        0x2 CMakeFiles/STM32f103RCT6.elf.dir/Core/Startup/startup_stm32f103rctx.s.obj
                0x0000000008003fa8                USB_HP_CAN1_TX_IRQHandler
                0x0000000008003fa8                EXTI1_IRQHandler
                0x0000000008003fa8                ADC3_IRQHandler
                0x0000000008003fa8                UART4_IRQHandler
                0x0000000008003fa8                TIM8_CC_IRQHandler
                0x0000000008003fa8                SPI2_IRQHandler
                0x0000000008003fa8                EXTI9_5_IRQHandler
                0x0000000008003fa8                TIM8_TRG_COM_IRQHandler
                0x0000000008003fa8                SPI1_IRQHandler
                0x0000000008003fa8                PVD_IRQHandler
                0x0000000008003fa8                TIM5_IRQHandler
                0x0000000008003fa8                USBWakeUp_IRQHandler
                0x0000000008003fa8                WWDG_IRQHandler
                0x0000000008003fa8                ADC1_2_IRQHandler
                0x0000000008003fa8                DMA1_Channel5_IRQHandler
                0x0000000008003fa8                RCC_IRQHandler
                0x0000000008003fa8                I2C1_ER_IRQHandler
                0x0000000008003fa8                RTC_IRQHandler
                0x0000000008003fa8                DMA1_Channel6_IRQHandler
                0x0000000008003fa8                DMA1_Channel2_IRQHandler
                0x0000000008003fa8                I2C2_EV_IRQHandler
                0x0000000008003fa8                TIM3_IRQHandler
                0x0000000008003fa8                DMA1_Channel7_IRQHandler
                0x0000000008003fa8                DMA2_Channel4_5_IRQHandler
                0x0000000008003fa8                USB_LP_CAN1_RX0_IRQHandler
                0x0000000008003fa8                TIM8_BRK_IRQHandler
                0x0000000008003fa8                FLASH_IRQHandler
                0x0000000008003fa8                SDIO_IRQHandler
                0x0000000008003fa8                EXTI15_10_IRQHandler
                0x0000000008003fa8                TIM1_BRK_IRQHandler
                0x0000000008003fa8                TAMPER_IRQHandler
                0x0000000008003fa8                TIM2_IRQHandler
                0x0000000008003fa8                FSMC_IRQHandler
                0x0000000008003fa8                CAN1_SCE_IRQHandler
                0x0000000008003fa8                DMA2_Channel3_IRQHandler
                0x0000000008003fa8                TIM8_UP_IRQHandler
                0x0000000008003fa8                Default_Handler
                0x0000000008003fa8                EXTI2_IRQHandler
                0x0000000008003fa8                DMA1_Channel3_IRQHandler
                0x0000000008003fa8                UART5_IRQHandler
                0x0000000008003fa8                TIM4_IRQHandler
                0x0000000008003fa8                EXTI3_IRQHandler
                0x0000000008003fa8                I2C2_ER_IRQHandler
                0x0000000008003fa8                TIM1_TRG_COM_IRQHandler
                0x0000000008003fa8                TIM6_IRQHandler
                0x0000000008003fa8                I2C1_EV_IRQHandler
                0x0000000008003fa8                TIM1_CC_IRQHandler
                0x0000000008003fa8                SPI3_IRQHandler
                0x0000000008003fa8                DMA1_Channel1_IRQHandler
                0x0000000008003fa8                TIM7_IRQHandler
                0x0000000008003fa8                EXTI0_IRQHandler
                0x0000000008003fa8                DMA2_Channel2_IRQHandler
                0x0000000008003fa8                DMA2_Channel1_IRQHandler
                0x0000000008003fa8                RTC_Alarm_IRQHandler
                0x0000000008003fa8                EXTI4_IRQHandler
                0x0000000008003fa8                CAN1_RX1_IRQHandler
                0x0000000008003fa8                DMA1_Channel4_IRQHandler
 .text.mpuGetSMPLART_DIV
                0x0000000008003faa       0x3e CMakeFiles/STM32f103RCT6.elf.dir/Core/UserLib/Mpu6050/Mpu6050.c.obj
                0x0000000008003faa                mpuGetSMPLART_DIV
 .text.mpuGetAcceler
                0x0000000008003fe8       0x6c CMakeFiles/STM32f103RCT6.elf.dir/Core/UserLib/Mpu6050/Mpu6050.c.obj
                0x0000000008003fe8                mpuGetAcceler
 .text.mpuGetGyro
                0x0000000008004054       0x6c CMakeFiles/STM32f103RCT6.elf.dir/Core/UserLib/Mpu6050/Mpu6050.c.obj
                0x0000000008004054                mpuGetGyro
 .text.MPU_WriteLenByte
                0x00000000080040c0       0x48 CMakeFiles/STM32f103RCT6.elf.dir/Core/UserLib/Mpu6050/Mpu6050.c.obj
                0x00000000080040c0                MPU_WriteLenByte
 .text.MPU_ReadLenByte
                0x0000000008004108       0x48 CMakeFiles/STM32f103RCT6.elf.dir/Core/UserLib/Mpu6050/Mpu6050.c.obj
                0x0000000008004108                MPU_ReadLenByte
 .text.get_accel_prod_shift
                0x0000000008004150       0xc4 CMakeFiles/STM32f103RCT6.elf.dir/Core/UserLib/Mpu6050/eMPL/inv_mpu.c.obj
 .text.accel_self_test
                0x0000000008004214       0xa8 CMakeFiles/STM32f103RCT6.elf.dir/Core/UserLib/Mpu6050/eMPL/inv_mpu.c.obj
 .text.gyro_self_test
                0x00000000080042bc      0x100 CMakeFiles/STM32f103RCT6.elf.dir/Core/UserLib/Mpu6050/eMPL/inv_mpu.c.obj
 .text.set_int_enable
                0x00000000080043bc       0x98 CMakeFiles/STM32f103RCT6.elf.dir/Core/UserLib/Mpu6050/eMPL/inv_mpu.c.obj
 .text.get_st_biases
                0x0000000008004454      0x428 CMakeFiles/STM32f103RCT6.elf.dir/Core/UserLib/Mpu6050/eMPL/inv_mpu.c.obj
 .text.mpu_reset_fifo
                0x000000000800487c      0x1f8 CMakeFiles/STM32f103RCT6.elf.dir/Core/UserLib/Mpu6050/eMPL/inv_mpu.c.obj
                0x000000000800487c                mpu_reset_fifo
 .text.mpu_get_gyro_fsr
                0x0000000008004a74       0x3c CMakeFiles/STM32f103RCT6.elf.dir/Core/UserLib/Mpu6050/eMPL/inv_mpu.c.obj
                0x0000000008004a74                mpu_get_gyro_fsr
 .text.mpu_set_gyro_fsr
                0x0000000008004ab0       0x98 CMakeFiles/STM32f103RCT6.elf.dir/Core/UserLib/Mpu6050/eMPL/inv_mpu.c.obj
                0x0000000008004ab0                mpu_set_gyro_fsr
 .text.mpu_get_accel_fsr
                0x0000000008004b48       0x44 CMakeFiles/STM32f103RCT6.elf.dir/Core/UserLib/Mpu6050/eMPL/inv_mpu.c.obj
                0x0000000008004b48                mpu_get_accel_fsr
 .text.mpu_set_accel_fsr
                0x0000000008004b8c       0x94 CMakeFiles/STM32f103RCT6.elf.dir/Core/UserLib/Mpu6050/eMPL/inv_mpu.c.obj
                0x0000000008004b8c                mpu_set_accel_fsr
 .text.mpu_get_lpf
                0x0000000008004c20       0x44 CMakeFiles/STM32f103RCT6.elf.dir/Core/UserLib/Mpu6050/eMPL/inv_mpu.c.obj
                0x0000000008004c20                mpu_get_lpf
 .text.mpu_set_lpf
                0x0000000008004c64       0x94 CMakeFiles/STM32f103RCT6.elf.dir/Core/UserLib/Mpu6050/eMPL/inv_mpu.c.obj
                0x0000000008004c64                mpu_set_lpf
 .text.mpu_get_sample_rate
                0x0000000008004cf8       0x1c CMakeFiles/STM32f103RCT6.elf.dir/Core/UserLib/Mpu6050/eMPL/inv_mpu.c.obj
                0x0000000008004cf8                mpu_get_sample_rate
 .text.mpu_get_gyro_sens
                0x0000000008004d14       0x4c CMakeFiles/STM32f103RCT6.elf.dir/Core/UserLib/Mpu6050/eMPL/inv_mpu.c.obj
                0x0000000008004d14                mpu_get_gyro_sens
 .text.mpu_get_accel_sens
                0x0000000008004d60       0x4c CMakeFiles/STM32f103RCT6.elf.dir/Core/UserLib/Mpu6050/eMPL/inv_mpu.c.obj
                0x0000000008004d60                mpu_get_accel_sens
 .text.mpu_get_fifo_config
                0x0000000008004dac       0x10 CMakeFiles/STM32f103RCT6.elf.dir/Core/UserLib/Mpu6050/eMPL/inv_mpu.c.obj
                0x0000000008004dac                mpu_get_fifo_config
 .text.mpu_configure_fifo
                0x0000000008004dbc       0x64 CMakeFiles/STM32f103RCT6.elf.dir/Core/UserLib/Mpu6050/eMPL/inv_mpu.c.obj
                0x0000000008004dbc                mpu_configure_fifo
 .text.mpu_read_fifo_stream
                0x0000000008004e20       0xc0 CMakeFiles/STM32f103RCT6.elf.dir/Core/UserLib/Mpu6050/eMPL/inv_mpu.c.obj
                0x0000000008004e20                mpu_read_fifo_stream
 .text.mpu_set_bypass
                0x0000000008004ee0      0x168 CMakeFiles/STM32f103RCT6.elf.dir/Core/UserLib/Mpu6050/eMPL/inv_mpu.c.obj
                0x0000000008004ee0                mpu_set_bypass
 .text.mpu_set_int_latched
                0x0000000008005048       0x74 CMakeFiles/STM32f103RCT6.elf.dir/Core/UserLib/Mpu6050/eMPL/inv_mpu.c.obj
                0x0000000008005048                mpu_set_int_latched
 .text.mpu_lp_accel_mode
                0x00000000080050bc       0xdc CMakeFiles/STM32f103RCT6.elf.dir/Core/UserLib/Mpu6050/eMPL/inv_mpu.c.obj
                0x00000000080050bc                mpu_lp_accel_mode
 .text.mpu_set_sample_rate
                0x0000000008005198       0xa0 CMakeFiles/STM32f103RCT6.elf.dir/Core/UserLib/Mpu6050/eMPL/inv_mpu.c.obj
                0x0000000008005198                mpu_set_sample_rate
 .text.mpu_set_sensors
                0x0000000008005238       0xe4 CMakeFiles/STM32f103RCT6.elf.dir/Core/UserLib/Mpu6050/eMPL/inv_mpu.c.obj
                0x0000000008005238                mpu_set_sensors
 .text.mpu_init
                0x000000000800531c      0x1b8 CMakeFiles/STM32f103RCT6.elf.dir/Core/UserLib/Mpu6050/eMPL/inv_mpu.c.obj
                0x000000000800531c                mpu_init
 .text.mpu_write_mem
                0x00000000080054d4       0x74 CMakeFiles/STM32f103RCT6.elf.dir/Core/UserLib/Mpu6050/eMPL/inv_mpu.c.obj
                0x00000000080054d4                mpu_write_mem
 .text.mpu_read_mem
                0x0000000008005548       0x74 CMakeFiles/STM32f103RCT6.elf.dir/Core/UserLib/Mpu6050/eMPL/inv_mpu.c.obj
                0x0000000008005548                mpu_read_mem
 .text.mpu_load_firmware
                0x00000000080055bc       0xb4 CMakeFiles/STM32f103RCT6.elf.dir/Core/UserLib/Mpu6050/eMPL/inv_mpu.c.obj
                0x00000000080055bc                mpu_load_firmware
 .text.mpu_set_dmp_state
                0x0000000008005670       0x94 CMakeFiles/STM32f103RCT6.elf.dir/Core/UserLib/Mpu6050/eMPL/inv_mpu.c.obj
                0x0000000008005670                mpu_set_dmp_state
 .text.mpu_run_self_test
                0x0000000008005704      0x104 CMakeFiles/STM32f103RCT6.elf.dir/Core/UserLib/Mpu6050/eMPL/inv_mpu.c.obj
                0x0000000008005704                mpu_run_self_test
 .text.run_self_test
                0x0000000008005808       0x88 CMakeFiles/STM32f103RCT6.elf.dir/Core/UserLib/Mpu6050/eMPL/inv_mpu.c.obj
                0x0000000008005808                run_self_test
 .text.inv_row_2_scale
                0x0000000008005890       0x3a CMakeFiles/STM32f103RCT6.elf.dir/Core/UserLib/Mpu6050/eMPL/inv_mpu.c.obj
                0x0000000008005890                inv_row_2_scale
 .text.inv_orientation_matrix_to_scalar
                0x00000000080058ca       0x24 CMakeFiles/STM32f103RCT6.elf.dir/Core/UserLib/Mpu6050/eMPL/inv_mpu.c.obj
                0x00000000080058ca                inv_orientation_matrix_to_scalar
 .text.mget_ms  0x00000000080058ee        0x2 CMakeFiles/STM32f103RCT6.elf.dir/Core/UserLib/Mpu6050/eMPL/inv_mpu.c.obj
                0x00000000080058ee                mget_ms
 .text.mpu_dmp_init
                0x00000000080058f0       0xa0 CMakeFiles/STM32f103RCT6.elf.dir/Core/UserLib/Mpu6050/eMPL/inv_mpu.c.obj
                0x00000000080058f0                mpu_dmp_init
 .text.mpu_dmp_get_data
                0x0000000008005990      0x1c8 CMakeFiles/STM32f103RCT6.elf.dir/Core/UserLib/Mpu6050/eMPL/inv_mpu.c.obj
                0x0000000008005990                mpu_dmp_get_data
 .text.decode_gesture
                0x0000000008005b58       0x3c CMakeFiles/STM32f103RCT6.elf.dir/Core/UserLib/Mpu6050/eMPL/inv_mpu_dmp_motion_driver.c.obj
 .text.dmp_load_motion_driver_firmware
                0x0000000008005b94       0x18 CMakeFiles/STM32f103RCT6.elf.dir/Core/UserLib/Mpu6050/eMPL/inv_mpu_dmp_motion_driver.c.obj
                0x0000000008005b94                dmp_load_motion_driver_firmware
 .text.dmp_set_orientation
                0x0000000008005bac      0x14c CMakeFiles/STM32f103RCT6.elf.dir/Core/UserLib/Mpu6050/eMPL/inv_mpu_dmp_motion_driver.c.obj
                0x0000000008005bac                dmp_set_orientation
 .text.dmp_set_gyro_bias
                0x0000000008005cf8      0x110 CMakeFiles/STM32f103RCT6.elf.dir/Core/UserLib/Mpu6050/eMPL/inv_mpu_dmp_motion_driver.c.obj
                0x0000000008005cf8                dmp_set_gyro_bias
 .text.dmp_set_accel_bias
                0x0000000008005e08       0xf4 CMakeFiles/STM32f103RCT6.elf.dir/Core/UserLib/Mpu6050/eMPL/inv_mpu_dmp_motion_driver.c.obj
                0x0000000008005e08                dmp_set_accel_bias
 .text.dmp_set_fifo_rate
                0x0000000008005efc       0x68 CMakeFiles/STM32f103RCT6.elf.dir/Core/UserLib/Mpu6050/eMPL/inv_mpu_dmp_motion_driver.c.obj
                0x0000000008005efc                dmp_set_fifo_rate
 .text.dmp_set_tap_thresh
                0x0000000008005f64      0x1a0 CMakeFiles/STM32f103RCT6.elf.dir/Core/UserLib/Mpu6050/eMPL/inv_mpu_dmp_motion_driver.c.obj
                0x0000000008005f64                dmp_set_tap_thresh
 .text.dmp_set_tap_axes
                0x0000000008006104       0x4e CMakeFiles/STM32f103RCT6.elf.dir/Core/UserLib/Mpu6050/eMPL/inv_mpu_dmp_motion_driver.c.obj
                0x0000000008006104                dmp_set_tap_axes
 .text.dmp_set_tap_count
                0x0000000008006152       0x2c CMakeFiles/STM32f103RCT6.elf.dir/Core/UserLib/Mpu6050/eMPL/inv_mpu_dmp_motion_driver.c.obj
                0x0000000008006152                dmp_set_tap_count
 *fill*         0x000000000800617e        0x2 
 .text.dmp_set_tap_time
                0x0000000008006180       0x30 CMakeFiles/STM32f103RCT6.elf.dir/Core/UserLib/Mpu6050/eMPL/inv_mpu_dmp_motion_driver.c.obj
                0x0000000008006180                dmp_set_tap_time
 .text.dmp_set_tap_time_multi
                0x00000000080061b0       0x30 CMakeFiles/STM32f103RCT6.elf.dir/Core/UserLib/Mpu6050/eMPL/inv_mpu_dmp_motion_driver.c.obj
                0x00000000080061b0                dmp_set_tap_time_multi
 .text.dmp_set_shake_reject_thresh
                0x00000000080061e0       0x44 CMakeFiles/STM32f103RCT6.elf.dir/Core/UserLib/Mpu6050/eMPL/inv_mpu_dmp_motion_driver.c.obj
                0x00000000080061e0                dmp_set_shake_reject_thresh
 .text.dmp_set_shake_reject_time
                0x0000000008006224       0x2c CMakeFiles/STM32f103RCT6.elf.dir/Core/UserLib/Mpu6050/eMPL/inv_mpu_dmp_motion_driver.c.obj
                0x0000000008006224                dmp_set_shake_reject_time
 .text.dmp_set_shake_reject_timeout
                0x0000000008006250       0x2c CMakeFiles/STM32f103RCT6.elf.dir/Core/UserLib/Mpu6050/eMPL/inv_mpu_dmp_motion_driver.c.obj
                0x0000000008006250                dmp_set_shake_reject_timeout
 .text.dmp_enable_gyro_cal
                0x000000000800627c       0x44 CMakeFiles/STM32f103RCT6.elf.dir/Core/UserLib/Mpu6050/eMPL/inv_mpu_dmp_motion_driver.c.obj
                0x000000000800627c                dmp_enable_gyro_cal
 .text.dmp_enable_lp_quat
                0x00000000080062c0       0x3c CMakeFiles/STM32f103RCT6.elf.dir/Core/UserLib/Mpu6050/eMPL/inv_mpu_dmp_motion_driver.c.obj
                0x00000000080062c0                dmp_enable_lp_quat
 .text.dmp_enable_6x_lp_quat
                0x00000000080062fc       0x3c CMakeFiles/STM32f103RCT6.elf.dir/Core/UserLib/Mpu6050/eMPL/inv_mpu_dmp_motion_driver.c.obj
                0x00000000080062fc                dmp_enable_6x_lp_quat
 .text.dmp_enable_feature
                0x0000000008006338      0x218 CMakeFiles/STM32f103RCT6.elf.dir/Core/UserLib/Mpu6050/eMPL/inv_mpu_dmp_motion_driver.c.obj
                0x0000000008006338                dmp_enable_feature
 .text.dmp_read_fifo
                0x0000000008006550      0x1f4 CMakeFiles/STM32f103RCT6.elf.dir/Core/UserLib/Mpu6050/eMPL/inv_mpu_dmp_motion_driver.c.obj
                0x0000000008006550                dmp_read_fifo
 .text.u8x8_byte_hw_i2c
                0x0000000008006744       0x88 CMakeFiles/STM32f103RCT6.elf.dir/Core/UserLib/U8g2/stm32_u8g2.c.obj
                0x0000000008006744                u8x8_byte_hw_i2c
 .text.u8x8_gpio_and_delay
                0x00000000080067cc       0x80 CMakeFiles/STM32f103RCT6.elf.dir/Core/UserLib/U8g2/stm32_u8g2.c.obj
                0x00000000080067cc                u8x8_gpio_and_delay
 .text.u8g2Init
                0x000000000800684c       0x30 CMakeFiles/STM32f103RCT6.elf.dir/Core/UserLib/U8g2/stm32_u8g2.c.obj
                0x000000000800684c                u8g2Init
 .text.u8g2_send_tile_row
                0x000000000800687c       0x20 CMakeFiles/STM32f103RCT6.elf.dir/Core/UserLib/U8g2/u8g2_buffer.c.obj
 .text.u8g2_send_buffer
                0x000000000800689c       0x34 CMakeFiles/STM32f103RCT6.elf.dir/Core/UserLib/U8g2/u8g2_buffer.c.obj
 .text.u8g2_ClearBuffer
                0x00000000080068d0       0x1a CMakeFiles/STM32f103RCT6.elf.dir/Core/UserLib/U8g2/u8g2_buffer.c.obj
                0x00000000080068d0                u8g2_ClearBuffer
 .text.u8g2_SendBuffer
                0x00000000080068ea       0x10 CMakeFiles/STM32f103RCT6.elf.dir/Core/UserLib/U8g2/u8g2_buffer.c.obj
                0x00000000080068ea                u8g2_SendBuffer
 *fill*         0x00000000080068fa        0x2 
 .text.u8g2_m_16_8_f
                0x00000000080068fc        0xc CMakeFiles/STM32f103RCT6.elf.dir/Core/UserLib/U8g2/u8g2_d_memory.c.obj
                0x00000000080068fc                u8g2_m_16_8_f
 .text.u8g2_Setup_ssd1306_i2c_128x64_noname_f
                0x0000000008006908       0x3c CMakeFiles/STM32f103RCT6.elf.dir/Core/UserLib/U8g2/u8g2_d_setup.c.obj
                0x0000000008006908                u8g2_Setup_ssd1306_i2c_128x64_noname_f
 .text.u8g2_font_get_byte
                0x0000000008006944        0x4 CMakeFiles/STM32f103RCT6.elf.dir/Core/UserLib/U8g2/u8g2_font.c.obj
 .text.u8g2_font_get_word
                0x0000000008006948        0xe CMakeFiles/STM32f103RCT6.elf.dir/Core/UserLib/U8g2/u8g2_font.c.obj
 .text.u8g2_font_calc_vref_font
                0x0000000008006956        0x4 CMakeFiles/STM32f103RCT6.elf.dir/Core/UserLib/U8g2/u8g2_font.c.obj
                0x0000000008006956                u8g2_font_calc_vref_font
 .text.u8g2_read_font_info
                0x000000000800695a       0xd0 CMakeFiles/STM32f103RCT6.elf.dir/Core/UserLib/U8g2/u8g2_font.c.obj
                0x000000000800695a                u8g2_read_font_info
 .text.u8g2_font_decode_get_unsigned_bits
                0x0000000008006a2a       0x48 CMakeFiles/STM32f103RCT6.elf.dir/Core/UserLib/U8g2/u8g2_font.c.obj
                0x0000000008006a2a                u8g2_font_decode_get_unsigned_bits
 .text.u8g2_font_setup_decode
                0x0000000008006a72       0x40 CMakeFiles/STM32f103RCT6.elf.dir/Core/UserLib/U8g2/u8g2_font.c.obj
 .text.u8g2_font_decode_get_signed_bits
                0x0000000008006ab2       0x18 CMakeFiles/STM32f103RCT6.elf.dir/Core/UserLib/U8g2/u8g2_font.c.obj
                0x0000000008006ab2                u8g2_font_decode_get_signed_bits
 .text.u8g2_add_vector_y
                0x0000000008006aca       0x22 CMakeFiles/STM32f103RCT6.elf.dir/Core/UserLib/U8g2/u8g2_font.c.obj
                0x0000000008006aca                u8g2_add_vector_y
 .text.u8g2_add_vector_x
                0x0000000008006aec       0x22 CMakeFiles/STM32f103RCT6.elf.dir/Core/UserLib/U8g2/u8g2_font.c.obj
                0x0000000008006aec                u8g2_add_vector_x
 .text.u8g2_font_decode_len
                0x0000000008006b0e       0xca CMakeFiles/STM32f103RCT6.elf.dir/Core/UserLib/U8g2/u8g2_font.c.obj
                0x0000000008006b0e                u8g2_font_decode_len
 .text.u8g2_font_decode_glyph
                0x0000000008006bd8      0x152 CMakeFiles/STM32f103RCT6.elf.dir/Core/UserLib/U8g2/u8g2_font.c.obj
                0x0000000008006bd8                u8g2_font_decode_glyph
 .text.u8g2_font_get_glyph_data
                0x0000000008006d2a       0x74 CMakeFiles/STM32f103RCT6.elf.dir/Core/UserLib/U8g2/u8g2_font.c.obj
                0x0000000008006d2a                u8g2_font_get_glyph_data
 .text.u8g2_font_draw_glyph
                0x0000000008006d9e       0x24 CMakeFiles/STM32f103RCT6.elf.dir/Core/UserLib/U8g2/u8g2_font.c.obj
 .text.u8g2_DrawGlyph
                0x0000000008006dc2       0x4e CMakeFiles/STM32f103RCT6.elf.dir/Core/UserLib/U8g2/u8g2_font.c.obj
                0x0000000008006dc2                u8g2_DrawGlyph
 .text.u8g2_draw_string
                0x0000000008006e10       0x7c CMakeFiles/STM32f103RCT6.elf.dir/Core/UserLib/U8g2/u8g2_font.c.obj
 .text.u8g2_DrawStr
                0x0000000008006e8c       0x10 CMakeFiles/STM32f103RCT6.elf.dir/Core/UserLib/U8g2/u8g2_font.c.obj
                0x0000000008006e8c                u8g2_DrawStr
 .text.u8g2_UpdateRefHeight
                0x0000000008006e9c       0x64 CMakeFiles/STM32f103RCT6.elf.dir/Core/UserLib/U8g2/u8g2_font.c.obj
                0x0000000008006e9c                u8g2_UpdateRefHeight
 .text.u8g2_SetFontPosBaseline
                0x0000000008006f00        0xc CMakeFiles/STM32f103RCT6.elf.dir/Core/UserLib/U8g2/u8g2_font.c.obj
                0x0000000008006f00                u8g2_SetFontPosBaseline
 .text.u8g2_SetFont
                0x0000000008006f0c       0x1c CMakeFiles/STM32f103RCT6.elf.dir/Core/UserLib/U8g2/u8g2_font.c.obj
                0x0000000008006f0c                u8g2_SetFont
 .text.u8g2_clip_intersection2
                0x0000000008006f28       0x4c CMakeFiles/STM32f103RCT6.elf.dir/Core/UserLib/U8g2/u8g2_hvline.c.obj
 .text.u8g2_draw_hv_line_2dir
                0x0000000008006f74       0x18 CMakeFiles/STM32f103RCT6.elf.dir/Core/UserLib/U8g2/u8g2_hvline.c.obj
                0x0000000008006f74                u8g2_draw_hv_line_2dir
 .text.u8g2_DrawHVLine
                0x0000000008006f8c       0xca CMakeFiles/STM32f103RCT6.elf.dir/Core/UserLib/U8g2/u8g2_hvline.c.obj
                0x0000000008006f8c                u8g2_DrawHVLine
 .text.u8g2_is_intersection_decision_tree
                0x0000000008007056       0x2c CMakeFiles/STM32f103RCT6.elf.dir/Core/UserLib/U8g2/u8g2_intersection.c.obj
                0x0000000008007056                u8g2_is_intersection_decision_tree
 .text.u8g2_IsIntersection
                0x0000000008007082       0x2c CMakeFiles/STM32f103RCT6.elf.dir/Core/UserLib/U8g2/u8g2_intersection.c.obj
                0x0000000008007082                u8g2_IsIntersection
 .text.u8g2_ll_hvline_vertical_top_lsb
                0x00000000080070ae       0xa4 CMakeFiles/STM32f103RCT6.elf.dir/Core/UserLib/U8g2/u8g2_ll_hvline.c.obj
                0x00000000080070ae                u8g2_ll_hvline_vertical_top_lsb
 .text.u8g2_update_dimension_common
                0x0000000008007152       0x52 CMakeFiles/STM32f103RCT6.elf.dir/Core/UserLib/U8g2/u8g2_setup.c.obj
 .text.u8g2_update_dimension_r0
                0x00000000080071a4        0x8 CMakeFiles/STM32f103RCT6.elf.dir/Core/UserLib/U8g2/u8g2_setup.c.obj
                0x00000000080071a4                u8g2_update_dimension_r0
 .text.u8g2_apply_clip_window
                0x00000000080071ac       0x70 CMakeFiles/STM32f103RCT6.elf.dir/Core/UserLib/U8g2/u8g2_setup.c.obj
 .text.u8g2_update_page_win_r0
                0x000000000800721c       0x26 CMakeFiles/STM32f103RCT6.elf.dir/Core/UserLib/U8g2/u8g2_setup.c.obj
                0x000000000800721c                u8g2_update_page_win_r0
 .text.u8g2_draw_l90_r0
                0x0000000008007242       0x12 CMakeFiles/STM32f103RCT6.elf.dir/Core/UserLib/U8g2/u8g2_setup.c.obj
                0x0000000008007242                u8g2_draw_l90_r0
 .text.u8g2_SetMaxClipWindow
                0x0000000008007254       0x20 CMakeFiles/STM32f103RCT6.elf.dir/Core/UserLib/U8g2/u8g2_setup.c.obj
                0x0000000008007254                u8g2_SetMaxClipWindow
 .text.u8g2_SetupBuffer
                0x0000000008007274       0x40 CMakeFiles/STM32f103RCT6.elf.dir/Core/UserLib/U8g2/u8g2_setup.c.obj
                0x0000000008007274                u8g2_SetupBuffer
 .text.u8x8_ascii_next
                0x00000000080072b4       0x16 CMakeFiles/STM32f103RCT6.elf.dir/Core/UserLib/U8g2/u8x8_8x8.c.obj
                0x00000000080072b4                u8x8_ascii_next
 .text.u8x8_utf8_init
                0x00000000080072ca        0x8 CMakeFiles/STM32f103RCT6.elf.dir/Core/UserLib/U8g2/u8x8_8x8.c.obj
                0x00000000080072ca                u8x8_utf8_init
 .text.u8x8_byte_SendBytes
                0x00000000080072d2        0xe CMakeFiles/STM32f103RCT6.elf.dir/Core/UserLib/U8g2/u8x8_byte.c.obj
                0x00000000080072d2                u8x8_byte_SendBytes
 .text.u8x8_byte_SendByte
                0x00000000080072e0       0x18 CMakeFiles/STM32f103RCT6.elf.dir/Core/UserLib/U8g2/u8x8_byte.c.obj
                0x00000000080072e0                u8x8_byte_SendByte
 .text.u8x8_byte_StartTransfer
                0x00000000080072f8        0xe CMakeFiles/STM32f103RCT6.elf.dir/Core/UserLib/U8g2/u8x8_byte.c.obj
                0x00000000080072f8                u8x8_byte_StartTransfer
 .text.u8x8_byte_EndTransfer
                0x0000000008007306        0xe CMakeFiles/STM32f103RCT6.elf.dir/Core/UserLib/U8g2/u8x8_byte.c.obj
                0x0000000008007306                u8x8_byte_EndTransfer
 .text.u8x8_i2c_data_transfer
                0x0000000008007314       0x28 CMakeFiles/STM32f103RCT6.elf.dir/Core/UserLib/U8g2/u8x8_cad.c.obj
 .text.u8x8_cad_SendCmd
                0x000000000800733c        0xe CMakeFiles/STM32f103RCT6.elf.dir/Core/UserLib/U8g2/u8x8_cad.c.obj
                0x000000000800733c                u8x8_cad_SendCmd
 .text.u8x8_cad_SendArg
                0x000000000800734a        0xe CMakeFiles/STM32f103RCT6.elf.dir/Core/UserLib/U8g2/u8x8_cad.c.obj
                0x000000000800734a                u8x8_cad_SendArg
 .text.u8x8_cad_SendData
                0x0000000008007358        0xe CMakeFiles/STM32f103RCT6.elf.dir/Core/UserLib/U8g2/u8x8_cad.c.obj
                0x0000000008007358                u8x8_cad_SendData
 .text.u8x8_cad_StartTransfer
                0x0000000008007366        0xe CMakeFiles/STM32f103RCT6.elf.dir/Core/UserLib/U8g2/u8x8_cad.c.obj
                0x0000000008007366                u8x8_cad_StartTransfer
 .text.u8x8_cad_EndTransfer
                0x0000000008007374        0xe CMakeFiles/STM32f103RCT6.elf.dir/Core/UserLib/U8g2/u8x8_cad.c.obj
                0x0000000008007374                u8x8_cad_EndTransfer
 .text.u8x8_cad_SendSequence
                0x0000000008007382       0x72 CMakeFiles/STM32f103RCT6.elf.dir/Core/UserLib/U8g2/u8x8_cad.c.obj
                0x0000000008007382                u8x8_cad_SendSequence
 .text.u8x8_cad_ssd13xx_fast_i2c
                0x00000000080073f4       0xc8 CMakeFiles/STM32f103RCT6.elf.dir/Core/UserLib/U8g2/u8x8_cad.c.obj
                0x00000000080073f4                u8x8_cad_ssd13xx_fast_i2c
 .text.u8x8_d_ssd1306_sh1106_generic
                0x00000000080074bc       0xe4 CMakeFiles/STM32f103RCT6.elf.dir/Core/UserLib/U8g2/u8x8_d_ssd1306_128x64_noname.c.obj
 .text.u8x8_d_ssd1306_128x64_noname
                0x00000000080075a0       0x40 CMakeFiles/STM32f103RCT6.elf.dir/Core/UserLib/U8g2/u8x8_d_ssd1306_128x64_noname.c.obj
                0x00000000080075a0                u8x8_d_ssd1306_128x64_noname
 .text.u8x8_d_helper_display_setup_memory
                0x00000000080075e0        0xa CMakeFiles/STM32f103RCT6.elf.dir/Core/UserLib/U8g2/u8x8_display.c.obj
                0x00000000080075e0                u8x8_d_helper_display_setup_memory
 .text.u8x8_d_helper_display_init
                0x00000000080075ea       0x62 CMakeFiles/STM32f103RCT6.elf.dir/Core/UserLib/U8g2/u8x8_display.c.obj
                0x00000000080075ea                u8x8_d_helper_display_init
 .text.u8x8_DrawTile
                0x000000000800764c       0x22 CMakeFiles/STM32f103RCT6.elf.dir/Core/UserLib/U8g2/u8x8_display.c.obj
                0x000000000800764c                u8x8_DrawTile
 .text.u8x8_SetupMemory
                0x000000000800766e        0xe CMakeFiles/STM32f103RCT6.elf.dir/Core/UserLib/U8g2/u8x8_display.c.obj
                0x000000000800766e                u8x8_SetupMemory
 .text.u8x8_InitDisplay
                0x000000000800767c        0xe CMakeFiles/STM32f103RCT6.elf.dir/Core/UserLib/U8g2/u8x8_display.c.obj
                0x000000000800767c                u8x8_InitDisplay
 .text.u8x8_SetPowerSave
                0x000000000800768a        0xe CMakeFiles/STM32f103RCT6.elf.dir/Core/UserLib/U8g2/u8x8_display.c.obj
                0x000000000800768a                u8x8_SetPowerSave
 .text.u8x8_RefreshDisplay
                0x0000000008007698        0xe CMakeFiles/STM32f103RCT6.elf.dir/Core/UserLib/U8g2/u8x8_display.c.obj
                0x0000000008007698                u8x8_RefreshDisplay
 .text.u8x8_gpio_call
                0x00000000080076a6        0xa CMakeFiles/STM32f103RCT6.elf.dir/Core/UserLib/U8g2/u8x8_gpio.c.obj
                0x00000000080076a6                u8x8_gpio_call
 .text.u8x8_dummy_cb
                0x00000000080076b0        0x4 CMakeFiles/STM32f103RCT6.elf.dir/Core/UserLib/U8g2/u8x8_setup.c.obj
                0x00000000080076b0                u8x8_dummy_cb
 .text.u8x8_SetupDefaults
                0x00000000080076b4       0x28 CMakeFiles/STM32f103RCT6.elf.dir/Core/UserLib/U8g2/u8x8_setup.c.obj
                0x00000000080076b4                u8x8_SetupDefaults
 .text.u8x8_Setup
                0x00000000080076dc       0x20 CMakeFiles/STM32f103RCT6.elf.dir/Core/UserLib/U8g2/u8x8_setup.c.obj
                0x00000000080076dc                u8x8_Setup
 .text.HAL_InitTick
                0x00000000080076fc       0x4c CMakeFiles/STM32f103RCT6.elf.dir/Drivers/STM32F1xx_HAL_Driver/Src/stm32f1xx_hal.c.obj
                0x00000000080076fc                HAL_InitTick
 .text.HAL_Init
                0x0000000008007748       0x24 CMakeFiles/STM32f103RCT6.elf.dir/Drivers/STM32F1xx_HAL_Driver/Src/stm32f1xx_hal.c.obj
                0x0000000008007748                HAL_Init
 .text.HAL_IncTick
                0x000000000800776c       0x18 CMakeFiles/STM32f103RCT6.elf.dir/Drivers/STM32F1xx_HAL_Driver/Src/stm32f1xx_hal.c.obj
                0x000000000800776c                HAL_IncTick
 .text.HAL_GetTick
                0x0000000008007784        0xc CMakeFiles/STM32f103RCT6.elf.dir/Drivers/STM32F1xx_HAL_Driver/Src/stm32f1xx_hal.c.obj
                0x0000000008007784                HAL_GetTick
 .text.HAL_Delay
                0x0000000008007790       0x28 CMakeFiles/STM32f103RCT6.elf.dir/Drivers/STM32F1xx_HAL_Driver/Src/stm32f1xx_hal.c.obj
                0x0000000008007790                HAL_Delay
 .text.HAL_ADC_ConfigChannel
                0x00000000080077b8      0x144 CMakeFiles/STM32f103RCT6.elf.dir/Drivers/STM32F1xx_HAL_Driver/Src/stm32f1xx_hal_adc.c.obj
                0x00000000080077b8                HAL_ADC_ConfigChannel
 .text.ADC_ConversionStop_Disable
                0x00000000080078fc       0x56 CMakeFiles/STM32f103RCT6.elf.dir/Drivers/STM32F1xx_HAL_Driver/Src/stm32f1xx_hal_adc.c.obj
                0x00000000080078fc                ADC_ConversionStop_Disable
 *fill*         0x0000000008007952        0x2 
 .text.HAL_ADC_Init
                0x0000000008007954      0x128 CMakeFiles/STM32f103RCT6.elf.dir/Drivers/STM32F1xx_HAL_Driver/Src/stm32f1xx_hal_adc.c.obj
                0x0000000008007954                HAL_ADC_Init
 .text.HAL_NVIC_SetPriorityGrouping
                0x0000000008007a7c       0x24 CMakeFiles/STM32f103RCT6.elf.dir/Drivers/STM32F1xx_HAL_Driver/Src/stm32f1xx_hal_cortex.c.obj
                0x0000000008007a7c                HAL_NVIC_SetPriorityGrouping
 .text.HAL_NVIC_SetPriority
                0x0000000008007aa0       0x70 CMakeFiles/STM32f103RCT6.elf.dir/Drivers/STM32F1xx_HAL_Driver/Src/stm32f1xx_hal_cortex.c.obj
                0x0000000008007aa0                HAL_NVIC_SetPriority
 .text.HAL_NVIC_EnableIRQ
                0x0000000008007b10       0x1c CMakeFiles/STM32f103RCT6.elf.dir/Drivers/STM32F1xx_HAL_Driver/Src/stm32f1xx_hal_cortex.c.obj
                0x0000000008007b10                HAL_NVIC_EnableIRQ
 .text.HAL_SYSTICK_Config
                0x0000000008007b2c       0x28 CMakeFiles/STM32f103RCT6.elf.dir/Drivers/STM32F1xx_HAL_Driver/Src/stm32f1xx_hal_cortex.c.obj
                0x0000000008007b2c                HAL_SYSTICK_Config
 .text.HAL_DMA_Abort
                0x0000000008007b54       0x44 CMakeFiles/STM32f103RCT6.elf.dir/Drivers/STM32F1xx_HAL_Driver/Src/stm32f1xx_hal_dma.c.obj
                0x0000000008007b54                HAL_DMA_Abort
 .text.HAL_DMA_Abort_IT
                0x0000000008007b98      0x168 CMakeFiles/STM32f103RCT6.elf.dir/Drivers/STM32F1xx_HAL_Driver/Src/stm32f1xx_hal_dma.c.obj
                0x0000000008007b98                HAL_DMA_Abort_IT
 .text.HAL_GPIO_Init
                0x0000000008007d00      0x240 CMakeFiles/STM32f103RCT6.elf.dir/Drivers/STM32F1xx_HAL_Driver/Src/stm32f1xx_hal_gpio.c.obj
                0x0000000008007d00                HAL_GPIO_Init
 .text.I2C_IsAcknowledgeFailed
                0x0000000008007f40       0x32 CMakeFiles/STM32f103RCT6.elf.dir/Drivers/STM32F1xx_HAL_Driver/Src/stm32f1xx_hal_i2c.c.obj
 .text.I2C_WaitOnFlagUntilTimeout
                0x0000000008007f72       0x7c CMakeFiles/STM32f103RCT6.elf.dir/Drivers/STM32F1xx_HAL_Driver/Src/stm32f1xx_hal_i2c.c.obj
 .text.I2C_WaitOnMasterAddressFlagUntilTimeout
                0x0000000008007fee       0xaa CMakeFiles/STM32f103RCT6.elf.dir/Drivers/STM32F1xx_HAL_Driver/Src/stm32f1xx_hal_i2c.c.obj
 .text.I2C_MasterRequestWrite
                0x0000000008008098       0xb4 CMakeFiles/STM32f103RCT6.elf.dir/Drivers/STM32F1xx_HAL_Driver/Src/stm32f1xx_hal_i2c.c.obj
 .text.I2C_WaitOnTXEFlagUntilTimeout
                0x000000000800814c       0x54 CMakeFiles/STM32f103RCT6.elf.dir/Drivers/STM32F1xx_HAL_Driver/Src/stm32f1xx_hal_i2c.c.obj
 .text.I2C_RequestMemoryWrite
                0x00000000080081a0       0xd8 CMakeFiles/STM32f103RCT6.elf.dir/Drivers/STM32F1xx_HAL_Driver/Src/stm32f1xx_hal_i2c.c.obj
 .text.I2C_RequestMemoryRead
                0x0000000008008278      0x154 CMakeFiles/STM32f103RCT6.elf.dir/Drivers/STM32F1xx_HAL_Driver/Src/stm32f1xx_hal_i2c.c.obj
 .text.I2C_WaitOnBTFFlagUntilTimeout
                0x00000000080083cc       0x54 CMakeFiles/STM32f103RCT6.elf.dir/Drivers/STM32F1xx_HAL_Driver/Src/stm32f1xx_hal_i2c.c.obj
 .text.I2C_WaitOnRXNEFlagUntilTimeout
                0x0000000008008420       0x6a CMakeFiles/STM32f103RCT6.elf.dir/Drivers/STM32F1xx_HAL_Driver/Src/stm32f1xx_hal_i2c.c.obj
 *fill*         0x000000000800848a        0x2 
 .text.HAL_I2C_Init
                0x000000000800848c      0x1bc CMakeFiles/STM32f103RCT6.elf.dir/Drivers/STM32F1xx_HAL_Driver/Src/stm32f1xx_hal_i2c.c.obj
                0x000000000800848c                HAL_I2C_Init
 .text.HAL_I2C_Master_Transmit
                0x0000000008008648      0x178 CMakeFiles/STM32f103RCT6.elf.dir/Drivers/STM32F1xx_HAL_Driver/Src/stm32f1xx_hal_i2c.c.obj
                0x0000000008008648                HAL_I2C_Master_Transmit
 .text.HAL_I2C_Mem_Write
                0x00000000080087c0      0x164 CMakeFiles/STM32f103RCT6.elf.dir/Drivers/STM32F1xx_HAL_Driver/Src/stm32f1xx_hal_i2c.c.obj
                0x00000000080087c0                HAL_I2C_Mem_Write
 .text.HAL_I2C_Mem_Read
                0x0000000008008924      0x348 CMakeFiles/STM32f103RCT6.elf.dir/Drivers/STM32F1xx_HAL_Driver/Src/stm32f1xx_hal_i2c.c.obj
                0x0000000008008924                HAL_I2C_Mem_Read
 .text.HAL_I2C_IsDeviceReady
                0x0000000008008c6c      0x194 CMakeFiles/STM32f103RCT6.elf.dir/Drivers/STM32F1xx_HAL_Driver/Src/stm32f1xx_hal_i2c.c.obj
                0x0000000008008c6c                HAL_I2C_IsDeviceReady
 .text.RCC_Delay
                0x0000000008008e00       0x2c CMakeFiles/STM32f103RCT6.elf.dir/Drivers/STM32F1xx_HAL_Driver/Src/stm32f1xx_hal_rcc.c.obj
 .text.HAL_RCC_OscConfig
                0x0000000008008e2c      0x410 CMakeFiles/STM32f103RCT6.elf.dir/Drivers/STM32F1xx_HAL_Driver/Src/stm32f1xx_hal_rcc.c.obj
                0x0000000008008e2c                HAL_RCC_OscConfig
 .text.HAL_RCC_GetSysClockFreq
                0x000000000800923c       0x70 CMakeFiles/STM32f103RCT6.elf.dir/Drivers/STM32F1xx_HAL_Driver/Src/stm32f1xx_hal_rcc.c.obj
                0x000000000800923c                HAL_RCC_GetSysClockFreq
 .text.HAL_RCC_ClockConfig
                0x00000000080092ac      0x16c CMakeFiles/STM32f103RCT6.elf.dir/Drivers/STM32F1xx_HAL_Driver/Src/stm32f1xx_hal_rcc.c.obj
                0x00000000080092ac                HAL_RCC_ClockConfig
 .text.HAL_RCC_GetHCLKFreq
                0x0000000008009418        0xc CMakeFiles/STM32f103RCT6.elf.dir/Drivers/STM32F1xx_HAL_Driver/Src/stm32f1xx_hal_rcc.c.obj
                0x0000000008009418                HAL_RCC_GetHCLKFreq
 .text.HAL_RCC_GetPCLK1Freq
                0x0000000008009424       0x20 CMakeFiles/STM32f103RCT6.elf.dir/Drivers/STM32F1xx_HAL_Driver/Src/stm32f1xx_hal_rcc.c.obj
                0x0000000008009424                HAL_RCC_GetPCLK1Freq
 .text.HAL_RCC_GetPCLK2Freq
                0x0000000008009444       0x20 CMakeFiles/STM32f103RCT6.elf.dir/Drivers/STM32F1xx_HAL_Driver/Src/stm32f1xx_hal_rcc.c.obj
                0x0000000008009444                HAL_RCC_GetPCLK2Freq
 .text.HAL_RCCEx_PeriphCLKConfig
                0x0000000008009464      0x118 CMakeFiles/STM32f103RCT6.elf.dir/Drivers/STM32F1xx_HAL_Driver/Src/stm32f1xx_hal_rcc_ex.c.obj
                0x0000000008009464                HAL_RCCEx_PeriphCLKConfig
 .text.TIM_OC1_SetConfig
                0x000000000800957c       0x68 CMakeFiles/STM32f103RCT6.elf.dir/Drivers/STM32F1xx_HAL_Driver/Src/stm32f1xx_hal_tim.c.obj
 .text.TIM_OC3_SetConfig
                0x00000000080095e4       0x70 CMakeFiles/STM32f103RCT6.elf.dir/Drivers/STM32F1xx_HAL_Driver/Src/stm32f1xx_hal_tim.c.obj
 .text.TIM_OC4_SetConfig
                0x0000000008009654       0x50 CMakeFiles/STM32f103RCT6.elf.dir/Drivers/STM32F1xx_HAL_Driver/Src/stm32f1xx_hal_tim.c.obj
 .text.HAL_TIM_Base_Start_IT
                0x00000000080096a4       0x78 CMakeFiles/STM32f103RCT6.elf.dir/Drivers/STM32F1xx_HAL_Driver/Src/stm32f1xx_hal_tim.c.obj
                0x00000000080096a4                HAL_TIM_Base_Start_IT
 .text.HAL_TIM_Base_Stop_IT
                0x000000000800971c       0x32 CMakeFiles/STM32f103RCT6.elf.dir/Drivers/STM32F1xx_HAL_Driver/Src/stm32f1xx_hal_tim.c.obj
                0x000000000800971c                HAL_TIM_Base_Stop_IT
 .text.HAL_TIM_OC_DelayElapsedCallback
                0x000000000800974e        0x2 CMakeFiles/STM32f103RCT6.elf.dir/Drivers/STM32F1xx_HAL_Driver/Src/stm32f1xx_hal_tim.c.obj
                0x000000000800974e                HAL_TIM_OC_DelayElapsedCallback
 .text.HAL_TIM_IC_CaptureCallback
                0x0000000008009750        0x2 CMakeFiles/STM32f103RCT6.elf.dir/Drivers/STM32F1xx_HAL_Driver/Src/stm32f1xx_hal_tim.c.obj
                0x0000000008009750                HAL_TIM_IC_CaptureCallback
 .text.HAL_TIM_PWM_PulseFinishedCallback
                0x0000000008009752        0x2 CMakeFiles/STM32f103RCT6.elf.dir/Drivers/STM32F1xx_HAL_Driver/Src/stm32f1xx_hal_tim.c.obj
                0x0000000008009752                HAL_TIM_PWM_PulseFinishedCallback
 .text.HAL_TIM_TriggerCallback
                0x0000000008009754        0x2 CMakeFiles/STM32f103RCT6.elf.dir/Drivers/STM32F1xx_HAL_Driver/Src/stm32f1xx_hal_tim.c.obj
                0x0000000008009754                HAL_TIM_TriggerCallback
 .text.HAL_TIM_IRQHandler
                0x0000000008009756      0x17a CMakeFiles/STM32f103RCT6.elf.dir/Drivers/STM32F1xx_HAL_Driver/Src/stm32f1xx_hal_tim.c.obj
                0x0000000008009756                HAL_TIM_IRQHandler
 .text.TIM_Base_SetConfig
                0x00000000080098d0       0x98 CMakeFiles/STM32f103RCT6.elf.dir/Drivers/STM32F1xx_HAL_Driver/Src/stm32f1xx_hal_tim.c.obj
                0x00000000080098d0                TIM_Base_SetConfig
 .text.HAL_TIM_PWM_Init
                0x0000000008009968       0x58 CMakeFiles/STM32f103RCT6.elf.dir/Drivers/STM32F1xx_HAL_Driver/Src/stm32f1xx_hal_tim.c.obj
                0x0000000008009968                HAL_TIM_PWM_Init
 .text.TIM_OC2_SetConfig
                0x00000000080099c0       0x70 CMakeFiles/STM32f103RCT6.elf.dir/Drivers/STM32F1xx_HAL_Driver/Src/stm32f1xx_hal_tim.c.obj
                0x00000000080099c0                TIM_OC2_SetConfig
 .text.HAL_TIM_PWM_ConfigChannel
                0x0000000008009a30       0xd0 CMakeFiles/STM32f103RCT6.elf.dir/Drivers/STM32F1xx_HAL_Driver/Src/stm32f1xx_hal_tim.c.obj
                0x0000000008009a30                HAL_TIM_PWM_ConfigChannel
 .text.TIM_CCxChannelCmd
                0x0000000008009b00       0x1e CMakeFiles/STM32f103RCT6.elf.dir/Drivers/STM32F1xx_HAL_Driver/Src/stm32f1xx_hal_tim.c.obj
                0x0000000008009b00                TIM_CCxChannelCmd
 *fill*         0x0000000008009b1e        0x2 
 .text.HAL_TIM_PWM_Start
                0x0000000008009b20       0xf4 CMakeFiles/STM32f103RCT6.elf.dir/Drivers/STM32F1xx_HAL_Driver/Src/stm32f1xx_hal_tim.c.obj
                0x0000000008009b20                HAL_TIM_PWM_Start
 .text.HAL_TIMEx_MasterConfigSynchronization
                0x0000000008009c14       0x7c CMakeFiles/STM32f103RCT6.elf.dir/Drivers/STM32F1xx_HAL_Driver/Src/stm32f1xx_hal_tim_ex.c.obj
                0x0000000008009c14                HAL_TIMEx_MasterConfigSynchronization
 .text.HAL_TIMEx_ConfigBreakDeadTime
                0x0000000008009c90       0x52 CMakeFiles/STM32f103RCT6.elf.dir/Drivers/STM32F1xx_HAL_Driver/Src/stm32f1xx_hal_tim_ex.c.obj
                0x0000000008009c90                HAL_TIMEx_ConfigBreakDeadTime
 .text.HAL_TIMEx_CommutCallback
                0x0000000008009ce2        0x2 CMakeFiles/STM32f103RCT6.elf.dir/Drivers/STM32F1xx_HAL_Driver/Src/stm32f1xx_hal_tim_ex.c.obj
                0x0000000008009ce2                HAL_TIMEx_CommutCallback
 .text.HAL_TIMEx_BreakCallback
                0x0000000008009ce4        0x2 CMakeFiles/STM32f103RCT6.elf.dir/Drivers/STM32F1xx_HAL_Driver/Src/stm32f1xx_hal_tim_ex.c.obj
                0x0000000008009ce4                HAL_TIMEx_BreakCallback
 .text.UART_EndRxTransfer
                0x0000000008009ce6       0x32 CMakeFiles/STM32f103RCT6.elf.dir/Drivers/STM32F1xx_HAL_Driver/Src/stm32f1xx_hal_uart.c.obj
 .text.UART_Transmit_IT
                0x0000000008009d18       0x60 CMakeFiles/STM32f103RCT6.elf.dir/Drivers/STM32F1xx_HAL_Driver/Src/stm32f1xx_hal_uart.c.obj
 .text.UART_SetConfig
                0x0000000008009d78       0x94 CMakeFiles/STM32f103RCT6.elf.dir/Drivers/STM32F1xx_HAL_Driver/Src/stm32f1xx_hal_uart.c.obj
 .text.UART_WaitOnFlagUntilTimeout
                0x0000000008009e0c       0x6c CMakeFiles/STM32f103RCT6.elf.dir/Drivers/STM32F1xx_HAL_Driver/Src/stm32f1xx_hal_uart.c.obj
 .text.HAL_UART_Init
                0x0000000008009e78       0x5e CMakeFiles/STM32f103RCT6.elf.dir/Drivers/STM32F1xx_HAL_Driver/Src/stm32f1xx_hal_uart.c.obj
                0x0000000008009e78                HAL_UART_Init
 .text.HAL_UART_Transmit
                0x0000000008009ed6       0xd8 CMakeFiles/STM32f103RCT6.elf.dir/Drivers/STM32F1xx_HAL_Driver/Src/stm32f1xx_hal_uart.c.obj
                0x0000000008009ed6                HAL_UART_Transmit
 .text.HAL_UART_TxCpltCallback
                0x0000000008009fae        0x2 CMakeFiles/STM32f103RCT6.elf.dir/Drivers/STM32F1xx_HAL_Driver/Src/stm32f1xx_hal_uart.c.obj
                0x0000000008009fae                HAL_UART_TxCpltCallback
 .text.UART_EndTransmit_IT
                0x0000000008009fb0       0x1a CMakeFiles/STM32f103RCT6.elf.dir/Drivers/STM32F1xx_HAL_Driver/Src/stm32f1xx_hal_uart.c.obj
 .text.HAL_UART_ErrorCallback
                0x0000000008009fca        0x2 CMakeFiles/STM32f103RCT6.elf.dir/Drivers/STM32F1xx_HAL_Driver/Src/stm32f1xx_hal_uart.c.obj
                0x0000000008009fca                HAL_UART_ErrorCallback
 .text.UART_DMAAbortOnError
                0x0000000008009fcc       0x10 CMakeFiles/STM32f103RCT6.elf.dir/Drivers/STM32F1xx_HAL_Driver/Src/stm32f1xx_hal_uart.c.obj
 .text.HAL_UARTEx_RxEventCallback
                0x0000000008009fdc        0x2 CMakeFiles/STM32f103RCT6.elf.dir/Drivers/STM32F1xx_HAL_Driver/Src/stm32f1xx_hal_uart.c.obj
                0x0000000008009fdc                HAL_UARTEx_RxEventCallback
 .text.UART_Receive_IT
                0x0000000008009fde       0xd4 CMakeFiles/STM32f103RCT6.elf.dir/Drivers/STM32F1xx_HAL_Driver/Src/stm32f1xx_hal_uart.c.obj
 *fill*         0x000000000800a0b2        0x2 
 .text.HAL_UART_IRQHandler
                0x000000000800a0b4      0x204 CMakeFiles/STM32f103RCT6.elf.dir/Drivers/STM32F1xx_HAL_Driver/Src/stm32f1xx_hal_uart.c.obj
                0x000000000800a0b4                HAL_UART_IRQHandler
 .text.UART_Start_Receive_IT
                0x000000000800a2b8       0x36 CMakeFiles/STM32f103RCT6.elf.dir/Drivers/STM32F1xx_HAL_Driver/Src/stm32f1xx_hal_uart.c.obj
                0x000000000800a2b8                UART_Start_Receive_IT
 .text.HAL_UART_Receive_IT
                0x000000000800a2ee       0x38 CMakeFiles/STM32f103RCT6.elf.dir/Drivers/STM32F1xx_HAL_Driver/Src/stm32f1xx_hal_uart.c.obj
                0x000000000800a2ee                HAL_UART_Receive_IT
 *fill*         0x000000000800a326        0x2 
 .text.__aeabi_atexit
                0x000000000800a328        0xc /usr/local/Cellar/arm-none-eabi-gcc/10.3-2021.07/gcc/bin/../lib/gcc/arm-none-eabi/10.3.1/../../../../arm-none-eabi/lib/thumb/v7-m/nofp/libstdc++.a(atexit_arm.o)
                0x000000000800a328                __aeabi_atexit
 .text.asin     0x000000000800a334       0x50 /usr/local/Cellar/arm-none-eabi-gcc/10.3-2021.07/gcc/bin/../lib/gcc/arm-none-eabi/10.3.1/../../../../arm-none-eabi/lib/thumb/v7-m/nofp/libm.a(lib_a-w_asin.o)
                0x000000000800a334                asin
 .text.atan2    0x000000000800a384        0x4 /usr/local/Cellar/arm-none-eabi-gcc/10.3-2021.07/gcc/bin/../lib/gcc/arm-none-eabi/10.3.1/../../../../arm-none-eabi/lib/thumb/v7-m/nofp/libm.a(lib_a-w_atan2.o)
                0x000000000800a384                atan2
 .text.__ieee754_asin
                0x000000000800a388      0x474 /usr/local/Cellar/arm-none-eabi-gcc/10.3-2021.07/gcc/bin/../lib/gcc/arm-none-eabi/10.3.1/../../../../arm-none-eabi/lib/thumb/v7-m/nofp/libm.a(lib_a-e_asin.o)
                0x000000000800a388                __ieee754_asin
 *fill*         0x000000000800a7fc        0x4 
 .text.__ieee754_atan2
                0x000000000800a800      0x194 /usr/local/Cellar/arm-none-eabi-gcc/10.3-2021.07/gcc/bin/../lib/gcc/arm-none-eabi/10.3.1/../../../../arm-none-eabi/lib/thumb/v7-m/nofp/libm.a(lib_a-e_atan2.o)
                0x000000000800a800                __ieee754_atan2
 .text.__ieee754_sqrt
                0x000000000800a994      0x18c /usr/local/Cellar/arm-none-eabi-gcc/10.3-2021.07/gcc/bin/../lib/gcc/arm-none-eabi/10.3.1/../../../../arm-none-eabi/lib/thumb/v7-m/nofp/libm.a(lib_a-e_sqrt.o)
                0x000000000800a994                __ieee754_sqrt
 .text.atan     0x000000000800ab20      0x31c /usr/local/Cellar/arm-none-eabi-gcc/10.3-2021.07/gcc/bin/../lib/gcc/arm-none-eabi/10.3.1/../../../../arm-none-eabi/lib/thumb/v7-m/nofp/libm.a(lib_a-s_atan.o)
                0x000000000800ab20                atan
 .text.fabs     0x000000000800ae3c        0x8 /usr/local/Cellar/arm-none-eabi-gcc/10.3-2021.07/gcc/bin/../lib/gcc/arm-none-eabi/10.3.1/../../../../arm-none-eabi/lib/thumb/v7-m/nofp/libm.a(lib_a-s_fabs.o)
                0x000000000800ae3c                fabs
 .text.nan      0x000000000800ae44        0xc /usr/local/Cellar/arm-none-eabi-gcc/10.3-2021.07/gcc/bin/../lib/gcc/arm-none-eabi/10.3.1/../../../../arm-none-eabi/lib/thumb/v7-m/nofp/libm.a(lib_a-s_nan.o)
                0x000000000800ae44                nan
 .text.abort    0x000000000800ae50       0x10 /usr/local/Cellar/arm-none-eabi-gcc/10.3-2021.07/gcc/bin/../lib/gcc/arm-none-eabi/10.3.1/../../../../arm-none-eabi/lib/thumb/v7-m/nofp/libg.a(lib_a-abort.o)
                0x000000000800ae50                abort
 .text.__cxa_atexit
                0x000000000800ae60       0x18 /usr/local/Cellar/arm-none-eabi-gcc/10.3-2021.07/gcc/bin/../lib/gcc/arm-none-eabi/10.3.1/../../../../arm-none-eabi/lib/thumb/v7-m/nofp/libg.a(lib_a-cxa_atexit.o)
                0x000000000800ae60                __cxa_atexit
 .text.__errno  0x000000000800ae78        0xc /usr/local/Cellar/arm-none-eabi-gcc/10.3-2021.07/gcc/bin/../lib/gcc/arm-none-eabi/10.3.1/../../../../arm-none-eabi/lib/thumb/v7-m/nofp/libg.a(lib_a-errno.o)
                0x000000000800ae78                __errno
 .text.__libc_init_array
                0x000000000800ae84       0x48 /usr/local/Cellar/arm-none-eabi-gcc/10.3-2021.07/gcc/bin/../lib/gcc/arm-none-eabi/10.3.1/../../../../arm-none-eabi/lib/thumb/v7-m/nofp/libg.a(lib_a-init.o)
                0x000000000800ae84                __libc_init_array
 .text.itoa     0x000000000800aecc       0x30 /usr/local/Cellar/arm-none-eabi-gcc/10.3-2021.07/gcc/bin/../lib/gcc/arm-none-eabi/10.3.1/../../../../arm-none-eabi/lib/thumb/v7-m/nofp/libg.a(lib_a-itoa.o)
                0x000000000800aecc                itoa
 .text.memcmp   0x000000000800aefc       0x68 /usr/local/Cellar/arm-none-eabi-gcc/10.3-2021.07/gcc/bin/../lib/gcc/arm-none-eabi/10.3.1/../../../../arm-none-eabi/lib/thumb/v7-m/nofp/libg.a(lib_a-memcmp.o)
                0x000000000800aefc                memcmp
 .text.memset   0x000000000800af64       0xa4 /usr/local/Cellar/arm-none-eabi-gcc/10.3-2021.07/gcc/bin/../lib/gcc/arm-none-eabi/10.3.1/../../../../arm-none-eabi/lib/thumb/v7-m/nofp/libg.a(lib_a-memset.o)
                0x000000000800af64                memset
 .text.printf   0x000000000800b008       0x28 /usr/local/Cellar/arm-none-eabi-gcc/10.3-2021.07/gcc/bin/../lib/gcc/arm-none-eabi/10.3.1/../../../../arm-none-eabi/lib/thumb/v7-m/nofp/libg.a(lib_a-printf.o)
                0x000000000800b008                printf
 .text._puts_r  0x000000000800b030       0x9c /usr/local/Cellar/arm-none-eabi-gcc/10.3-2021.07/gcc/bin/../lib/gcc/arm-none-eabi/10.3.1/../../../../arm-none-eabi/lib/thumb/v7-m/nofp/libg.a(lib_a-puts.o)
                0x000000000800b030                _puts_r
 .text.puts     0x000000000800b0cc       0x10 /usr/local/Cellar/arm-none-eabi-gcc/10.3-2021.07/gcc/bin/../lib/gcc/arm-none-eabi/10.3.1/../../../../arm-none-eabi/lib/thumb/v7-m/nofp/libg.a(lib_a-puts.o)
                0x000000000800b0cc                puts
 .text.raise    0x000000000800b0dc       0x5c /usr/local/Cellar/arm-none-eabi-gcc/10.3-2021.07/gcc/bin/../lib/gcc/arm-none-eabi/10.3.1/../../../../arm-none-eabi/lib/thumb/v7-m/nofp/libg.a(lib_a-signal.o)
                0x000000000800b0dc                raise
 .text._kill_r  0x000000000800b138       0x28 /usr/local/Cellar/arm-none-eabi-gcc/10.3-2021.07/gcc/bin/../lib/gcc/arm-none-eabi/10.3.1/../../../../arm-none-eabi/lib/thumb/v7-m/nofp/libg.a(lib_a-signalr.o)
                0x000000000800b138                _kill_r
 .text._getpid_r
                0x000000000800b160        0x4 /usr/local/Cellar/arm-none-eabi-gcc/10.3-2021.07/gcc/bin/../lib/gcc/arm-none-eabi/10.3.1/../../../../arm-none-eabi/lib/thumb/v7-m/nofp/libg.a(lib_a-signalr.o)
                0x000000000800b160                _getpid_r
 .text.strlen   0x000000000800b164       0x5c /usr/local/Cellar/arm-none-eabi-gcc/10.3-2021.07/gcc/bin/../lib/gcc/arm-none-eabi/10.3.1/../../../../arm-none-eabi/lib/thumb/v7-m/nofp/libg.a(lib_a-strlen-stub.o)
                0x000000000800b164                strlen
 .text.__utoa   0x000000000800b1c0       0x9c /usr/local/Cellar/arm-none-eabi-gcc/10.3-2021.07/gcc/bin/../lib/gcc/arm-none-eabi/10.3.1/../../../../arm-none-eabi/lib/thumb/v7-m/nofp/libg.a(lib_a-utoa.o)
                0x000000000800b1c0                __utoa
 .text._vfprintf_r
                0x000000000800b25c     0x1b58 /usr/local/Cellar/arm-none-eabi-gcc/10.3-2021.07/gcc/bin/../lib/gcc/arm-none-eabi/10.3.1/../../../../arm-none-eabi/lib/thumb/v7-m/nofp/libg.a(lib_a-vfprintf.o)
                0x000000000800b25c                _vfprintf_r
 .text.__sbprintf
                0x000000000800cdb4       0x84 /usr/local/Cellar/arm-none-eabi-gcc/10.3-2021.07/gcc/bin/../lib/gcc/arm-none-eabi/10.3.1/../../../../arm-none-eabi/lib/thumb/v7-m/nofp/libg.a(lib_a-vfprintf.o)
 .text.__swsetup_r
                0x000000000800ce38       0xd4 /usr/local/Cellar/arm-none-eabi-gcc/10.3-2021.07/gcc/bin/../lib/gcc/arm-none-eabi/10.3.1/../../../../arm-none-eabi/lib/thumb/v7-m/nofp/libg.a(lib_a-wsetup.o)
                0x000000000800ce38                __swsetup_r
 .text.__register_exitproc
                0x000000000800cf0c       0x8c /usr/local/Cellar/arm-none-eabi-gcc/10.3-2021.07/gcc/bin/../lib/gcc/arm-none-eabi/10.3.1/../../../../arm-none-eabi/lib/thumb/v7-m/nofp/libg.a(lib_a-__atexit.o)
                0x000000000800cf0c                __register_exitproc
 .text.startup.register_fini
                0x000000000800cf98       0x14 /usr/local/Cellar/arm-none-eabi-gcc/10.3-2021.07/gcc/bin/../lib/gcc/arm-none-eabi/10.3.1/../../../../arm-none-eabi/lib/thumb/v7-m/nofp/libg.a(lib_a-__call_atexit.o)
 .text.atexit   0x000000000800cfac        0xc /usr/local/Cellar/arm-none-eabi-gcc/10.3-2021.07/gcc/bin/../lib/gcc/arm-none-eabi/10.3.1/../../../../arm-none-eabi/lib/thumb/v7-m/nofp/libg.a(lib_a-atexit.o)
                0x000000000800cfac                atexit
 .text.quorem   0x000000000800cfb8      0x12c /usr/local/Cellar/arm-none-eabi-gcc/10.3-2021.07/gcc/bin/../lib/gcc/arm-none-eabi/10.3.1/../../../../arm-none-eabi/lib/thumb/v7-m/nofp/libg.a(lib_a-dtoa.o)
 *fill*         0x000000000800d0e4        0x4 
 .text._dtoa_r  0x000000000800d0e8      0xecc /usr/local/Cellar/arm-none-eabi-gcc/10.3-2021.07/gcc/bin/../lib/gcc/arm-none-eabi/10.3.1/../../../../arm-none-eabi/lib/thumb/v7-m/nofp/libg.a(lib_a-dtoa.o)
                0x000000000800d0e8                _dtoa_r
 .text.__sflush_r
                0x000000000800dfb4      0x124 /usr/local/Cellar/arm-none-eabi-gcc/10.3-2021.07/gcc/bin/../lib/gcc/arm-none-eabi/10.3.1/../../../../arm-none-eabi/lib/thumb/v7-m/nofp/libg.a(lib_a-fflush.o)
                0x000000000800dfb4                __sflush_r
 .text._fflush_r
                0x000000000800e0d8       0x5c /usr/local/Cellar/arm-none-eabi-gcc/10.3-2021.07/gcc/bin/../lib/gcc/arm-none-eabi/10.3.1/../../../../arm-none-eabi/lib/thumb/v7-m/nofp/libg.a(lib_a-fflush.o)
                0x000000000800e0d8                _fflush_r
 .text._cleanup_r
                0x000000000800e134        0xc /usr/local/Cellar/arm-none-eabi-gcc/10.3-2021.07/gcc/bin/../lib/gcc/arm-none-eabi/10.3.1/../../../../arm-none-eabi/lib/thumb/v7-m/nofp/libg.a(lib_a-findfp.o)
                0x000000000800e134                _cleanup_r
 .text.__sinit  0x000000000800e140      0x10c /usr/local/Cellar/arm-none-eabi-gcc/10.3-2021.07/gcc/bin/../lib/gcc/arm-none-eabi/10.3.1/../../../../arm-none-eabi/lib/thumb/v7-m/nofp/libg.a(lib_a-findfp.o)
                0x000000000800e140                __sinit
 .text.__sfp_lock_acquire
                0x000000000800e24c        0xc /usr/local/Cellar/arm-none-eabi-gcc/10.3-2021.07/gcc/bin/../lib/gcc/arm-none-eabi/10.3.1/../../../../arm-none-eabi/lib/thumb/v7-m/nofp/libg.a(lib_a-findfp.o)
                0x000000000800e24c                __sfp_lock_acquire
 .text.__sfp_lock_release
                0x000000000800e258        0xc /usr/local/Cellar/arm-none-eabi-gcc/10.3-2021.07/gcc/bin/../lib/gcc/arm-none-eabi/10.3.1/../../../../arm-none-eabi/lib/thumb/v7-m/nofp/libg.a(lib_a-findfp.o)
                0x000000000800e258                __sfp_lock_release
 .text.__libc_fini_array
                0x000000000800e264       0x2c /usr/local/Cellar/arm-none-eabi-gcc/10.3-2021.07/gcc/bin/../lib/gcc/arm-none-eabi/10.3.1/../../../../arm-none-eabi/lib/thumb/v7-m/nofp/libg.a(lib_a-fini.o)
                0x000000000800e264                __libc_fini_array
 .text._malloc_trim_r
                0x000000000800e290       0xa0 /usr/local/Cellar/arm-none-eabi-gcc/10.3-2021.07/gcc/bin/../lib/gcc/arm-none-eabi/10.3.1/../../../../arm-none-eabi/lib/thumb/v7-m/nofp/libg.a(lib_a-freer.o)
                0x000000000800e290                _malloc_trim_r
 .text._free_r  0x000000000800e330      0x200 /usr/local/Cellar/arm-none-eabi-gcc/10.3-2021.07/gcc/bin/../lib/gcc/arm-none-eabi/10.3.1/../../../../arm-none-eabi/lib/thumb/v7-m/nofp/libg.a(lib_a-freer.o)
                0x000000000800e330                _free_r
 .text.__sfvwrite_r
                0x000000000800e530      0x2f0 /usr/local/Cellar/arm-none-eabi-gcc/10.3-2021.07/gcc/bin/../lib/gcc/arm-none-eabi/10.3.1/../../../../arm-none-eabi/lib/thumb/v7-m/nofp/libg.a(lib_a-fvwrite.o)
                0x000000000800e530                __sfvwrite_r
 .text._fwalk_reent
                0x000000000800e820       0x48 /usr/local/Cellar/arm-none-eabi-gcc/10.3-2021.07/gcc/bin/../lib/gcc/arm-none-eabi/10.3.1/../../../../arm-none-eabi/lib/thumb/v7-m/nofp/libg.a(lib_a-fwalk.o)
                0x000000000800e820                _fwalk_reent
 .text._localeconv_r
                0x000000000800e868        0x8 /usr/local/Cellar/arm-none-eabi-gcc/10.3-2021.07/gcc/bin/../lib/gcc/arm-none-eabi/10.3.1/../../../../arm-none-eabi/lib/thumb/v7-m/nofp/libg.a(lib_a-localeconv.o)
                0x000000000800e868                _localeconv_r
 .text.__retarget_lock_init_recursive
                0x000000000800e870        0x4 /usr/local/Cellar/arm-none-eabi-gcc/10.3-2021.07/gcc/bin/../lib/gcc/arm-none-eabi/10.3.1/../../../../arm-none-eabi/lib/thumb/v7-m/nofp/libg.a(lib_a-lock.o)
                0x000000000800e870                __retarget_lock_init_recursive
 .text.__retarget_lock_close_recursive
                0x000000000800e874        0x4 /usr/local/Cellar/arm-none-eabi-gcc/10.3-2021.07/gcc/bin/../lib/gcc/arm-none-eabi/10.3.1/../../../../arm-none-eabi/lib/thumb/v7-m/nofp/libg.a(lib_a-lock.o)
                0x000000000800e874                __retarget_lock_close_recursive
 .text.__retarget_lock_acquire_recursive
                0x000000000800e878        0x4 /usr/local/Cellar/arm-none-eabi-gcc/10.3-2021.07/gcc/bin/../lib/gcc/arm-none-eabi/10.3.1/../../../../arm-none-eabi/lib/thumb/v7-m/nofp/libg.a(lib_a-lock.o)
                0x000000000800e878                __retarget_lock_acquire_recursive
 .text.__retarget_lock_release_recursive
                0x000000000800e87c        0x4 /usr/local/Cellar/arm-none-eabi-gcc/10.3-2021.07/gcc/bin/../lib/gcc/arm-none-eabi/10.3.1/../../../../arm-none-eabi/lib/thumb/v7-m/nofp/libg.a(lib_a-lock.o)
                0x000000000800e87c                __retarget_lock_release_recursive
 .text.__smakebuf_r
                0x000000000800e880       0xe0 /usr/local/Cellar/arm-none-eabi-gcc/10.3-2021.07/gcc/bin/../lib/gcc/arm-none-eabi/10.3.1/../../../../arm-none-eabi/lib/thumb/v7-m/nofp/libg.a(lib_a-makebuf.o)
                0x000000000800e880                __smakebuf_r
 .text._malloc_r
                0x000000000800e960      0x558 /usr/local/Cellar/arm-none-eabi-gcc/10.3-2021.07/gcc/bin/../lib/gcc/arm-none-eabi/10.3.1/../../../../arm-none-eabi/lib/thumb/v7-m/nofp/libg.a(lib_a-mallocr.o)
                0x000000000800e960                _malloc_r
 .text.memchr   0x000000000800eeb8       0x90 /usr/local/Cellar/arm-none-eabi-gcc/10.3-2021.07/gcc/bin/../lib/gcc/arm-none-eabi/10.3.1/../../../../arm-none-eabi/lib/thumb/v7-m/nofp/libg.a(lib_a-memchr-stub.o)
                0x000000000800eeb8                memchr
 .text.memmove  0x000000000800ef48       0xf8 /usr/local/Cellar/arm-none-eabi-gcc/10.3-2021.07/gcc/bin/../lib/gcc/arm-none-eabi/10.3.1/../../../../arm-none-eabi/lib/thumb/v7-m/nofp/libg.a(lib_a-memmove.o)
                0x000000000800ef48                memmove
 .text.__malloc_lock
                0x000000000800f040        0xc /usr/local/Cellar/arm-none-eabi-gcc/10.3-2021.07/gcc/bin/../lib/gcc/arm-none-eabi/10.3.1/../../../../arm-none-eabi/lib/thumb/v7-m/nofp/libg.a(lib_a-mlock.o)
                0x000000000800f040                __malloc_lock
 .text.__malloc_unlock
                0x000000000800f04c        0xc /usr/local/Cellar/arm-none-eabi-gcc/10.3-2021.07/gcc/bin/../lib/gcc/arm-none-eabi/10.3.1/../../../../arm-none-eabi/lib/thumb/v7-m/nofp/libg.a(lib_a-mlock.o)
                0x000000000800f04c                __malloc_unlock
 .text._Balloc  0x000000000800f058       0x4c /usr/local/Cellar/arm-none-eabi-gcc/10.3-2021.07/gcc/bin/../lib/gcc/arm-none-eabi/10.3.1/../../../../arm-none-eabi/lib/thumb/v7-m/nofp/libg.a(lib_a-mprec.o)
                0x000000000800f058                _Balloc
 .text._Bfree   0x000000000800f0a4       0x14 /usr/local/Cellar/arm-none-eabi-gcc/10.3-2021.07/gcc/bin/../lib/gcc/arm-none-eabi/10.3.1/../../../../arm-none-eabi/lib/thumb/v7-m/nofp/libg.a(lib_a-mprec.o)
                0x000000000800f0a4                _Bfree
 .text.__multadd
                0x000000000800f0b8       0xa4 /usr/local/Cellar/arm-none-eabi-gcc/10.3-2021.07/gcc/bin/../lib/gcc/arm-none-eabi/10.3.1/../../../../arm-none-eabi/lib/thumb/v7-m/nofp/libg.a(lib_a-mprec.o)
                0x000000000800f0b8                __multadd
 .text.__hi0bits
                0x000000000800f15c       0x40 /usr/local/Cellar/arm-none-eabi-gcc/10.3-2021.07/gcc/bin/../lib/gcc/arm-none-eabi/10.3.1/../../../../arm-none-eabi/lib/thumb/v7-m/nofp/libg.a(lib_a-mprec.o)
                0x000000000800f15c                __hi0bits
 .text.__lo0bits
                0x000000000800f19c       0x58 /usr/local/Cellar/arm-none-eabi-gcc/10.3-2021.07/gcc/bin/../lib/gcc/arm-none-eabi/10.3.1/../../../../arm-none-eabi/lib/thumb/v7-m/nofp/libg.a(lib_a-mprec.o)
                0x000000000800f19c                __lo0bits
 .text.__i2b    0x000000000800f1f4       0x5c /usr/local/Cellar/arm-none-eabi-gcc/10.3-2021.07/gcc/bin/../lib/gcc/arm-none-eabi/10.3.1/../../../../arm-none-eabi/lib/thumb/v7-m/nofp/libg.a(lib_a-mprec.o)
                0x000000000800f1f4                __i2b
 .text.__multiply
                0x000000000800f250      0x15c /usr/local/Cellar/arm-none-eabi-gcc/10.3-2021.07/gcc/bin/../lib/gcc/arm-none-eabi/10.3.1/../../../../arm-none-eabi/lib/thumb/v7-m/nofp/libg.a(lib_a-mprec.o)
                0x000000000800f250                __multiply
 .text.__pow5mult
                0x000000000800f3ac       0xb8 /usr/local/Cellar/arm-none-eabi-gcc/10.3-2021.07/gcc/bin/../lib/gcc/arm-none-eabi/10.3.1/../../../../arm-none-eabi/lib/thumb/v7-m/nofp/libg.a(lib_a-mprec.o)
                0x000000000800f3ac                __pow5mult
 .text.__lshift
                0x000000000800f464       0xec /usr/local/Cellar/arm-none-eabi-gcc/10.3-2021.07/gcc/bin/../lib/gcc/arm-none-eabi/10.3.1/../../../../arm-none-eabi/lib/thumb/v7-m/nofp/libg.a(lib_a-mprec.o)